C:/MaximSDK/Libraries/MiscDrivers/Camera/camera.c:68:6:camera_irq_handler	32	static
C:/MaximSDK/Libraries/MiscDrivers/Camera/camera.c:186:13:stream_callback	16	static
C:/MaximSDK/Libraries/MiscDrivers/Camera/camera.c:226:13:stream_callback_tft	16	static
C:/MaximSDK/Libraries/MiscDrivers/Camera/camera.c:295:13:setup_dma	16	static
C:/MaximSDK/Libraries/MiscDrivers/Camera/camera.c:138:6:stream_irq_handler	0	static
C:/MaximSDK/Libraries/MiscDrivers/Camera/camera.c:427:5:camera_init	40	static
C:/MaximSDK/Libraries/MiscDrivers/Camera/camera.c:503:5:camera_reset	0	static
C:/MaximSDK/Libraries/MiscDrivers/Camera/camera.c:508:5:camera_sleep	0	static
C:/MaximSDK/Libraries/MiscDrivers/Camera/camera.c:513:5:camera_setup	48	static
C:/MaximSDK/Libraries/MiscDrivers/Camera/camera.c:646:5:camera_setup_tft	48	static
C:/MaximSDK/Libraries/MiscDrivers/Camera/camera.c:791:5:camera_read_reg	0	static
C:/MaximSDK/Libraries/MiscDrivers/Camera/camera.c:796:5:camera_write_reg	0	static
C:/MaximSDK/Libraries/MiscDrivers/Camera/camera.c:802:5:camera_get_slave_address	0	static
C:/MaximSDK/Libraries/MiscDrivers/Camera/camera.c:807:5:camera_get_product_id	0	static
C:/MaximSDK/Libraries/MiscDrivers/Camera/camera.c:812:5:camera_get_manufacture_id	0	static
C:/MaximSDK/Libraries/MiscDrivers/Camera/camera.c:817:5:camera_dump_registers	0	static
C:/MaximSDK/Libraries/MiscDrivers/Camera/camera.c:822:5:camera_set_hmirror	0	static
C:/MaximSDK/Libraries/MiscDrivers/Camera/camera.c:827:5:camera_set_vflip	0	static
C:/MaximSDK/Libraries/MiscDrivers/Camera/camera.c:832:5:camera_set_colorbar	0	static
C:/MaximSDK/Libraries/MiscDrivers/Camera/camera.c:837:5:camera_start_capture_image	8	static
C:/MaximSDK/Libraries/MiscDrivers/Camera/camera.c:854:5:camera_start_capture_image_tft	8	static
C:/MaximSDK/Libraries/MiscDrivers/Camera/camera.c:871:5:camera_is_image_rcv	0	static
C:/MaximSDK/Libraries/MiscDrivers/Camera/camera.c:876:10:camera_get_pixel_format	16	static
C:/MaximSDK/Libraries/MiscDrivers/Camera/camera.c:898:6:camera_get_image	12	static
C:/MaximSDK/Libraries/MiscDrivers/Camera/camera.c:925:5:camera_get_luminance_level	0	static
C:/MaximSDK/Libraries/MiscDrivers/Camera/camera.c:930:10:get_camera_stream_buffer	0	static
C:/MaximSDK/Libraries/MiscDrivers/Camera/camera.c:935:5:camera_get_stream_buffer_size	0	static
C:/MaximSDK/Libraries/MiscDrivers/Camera/camera.c:940:6:release_camera_stream_buffer	0	static
C:/MaximSDK/Libraries/MiscDrivers/Camera/camera.c:945:16:get_camera_stream_statistic	0	static
C:/MaximSDK/Libraries/MiscDrivers/Camera/camera.c:950:5:camera_set_contrast	0	static
C:/MaximSDK/Libraries/MiscDrivers/Camera/camera.c:955:5:camera_set_brightness	0	static
