Archive member included to satisfy reference by file (symbol)

C:/MaximSDK/Libraries/PeriphDrivers/bin/MAX78000/spi-v1_softfp/libPeriphDriver_spi-v1_softfp.a(mxc_delay.o)
                              c:/MaximSDK/Examples/MAX78000/CNN/flowers2/build/main.o (MXC_Delay)
C:/MaximSDK/Libraries/PeriphDrivers/bin/MAX78000/spi-v1_softfp/libPeriphDriver_spi-v1_softfp.a(nvic_table.o)
                              c:/MaximSDK/Examples/MAX78000/CNN/flowers2/build/cnn.o (MXC_NVIC_SetVector)
C:/MaximSDK/Libraries/PeriphDrivers/bin/MAX78000/spi-v1_softfp/libPeriphDriver_spi-v1_softfp.a(pins_ai85.o)
                              c:/MaximSDK/Examples/MAX78000/CNN/flowers2/build/camera.o (gpio_cfg_pcif_xclk)
C:/MaximSDK/Libraries/PeriphDrivers/bin/MAX78000/spi-v1_softfp/libPeriphDriver_spi-v1_softfp.a(sys_ai85.o)
                              c:/MaximSDK/Examples/MAX78000/CNN/flowers2/build/cnn.o (MXC_SYS_ClockDisable)
C:/MaximSDK/Libraries/PeriphDrivers/bin/MAX78000/spi-v1_softfp/libPeriphDriver_spi-v1_softfp.a(aes_me17.o)
                              C:/MaximSDK/Libraries/PeriphDrivers/bin/MAX78000/spi-v1_softfp/libPeriphDriver_spi-v1_softfp.a(sys_ai85.o) (MXC_AES_Init)
C:/MaximSDK/Libraries/PeriphDrivers/bin/MAX78000/spi-v1_softfp/libPeriphDriver_spi-v1_softfp.a(aes_revb.o)
                              C:/MaximSDK/Libraries/PeriphDrivers/bin/MAX78000/spi-v1_softfp/libPeriphDriver_spi-v1_softfp.a(aes_me17.o) (MXC_AES_RevB_Init)
C:/MaximSDK/Libraries/PeriphDrivers/bin/MAX78000/spi-v1_softfp/libPeriphDriver_spi-v1_softfp.a(cameraif_ai85.o)
                              c:/MaximSDK/Examples/MAX78000/CNN/flowers2/build/camera.o (MXC_PCIF_Init)
C:/MaximSDK/Libraries/PeriphDrivers/bin/MAX78000/spi-v1_softfp/libPeriphDriver_spi-v1_softfp.a(cameraif_reva.o)
                              C:/MaximSDK/Libraries/PeriphDrivers/bin/MAX78000/spi-v1_softfp/libPeriphDriver_spi-v1_softfp.a(cameraif_ai85.o) (MXC_PCIF_RevA_SetDatawidth)
C:/MaximSDK/Libraries/PeriphDrivers/bin/MAX78000/spi-v1_softfp/libPeriphDriver_spi-v1_softfp.a(dma_me17.o)
                              c:/MaximSDK/Examples/MAX78000/CNN/flowers2/build/main.o (MXC_DMA_Init)
C:/MaximSDK/Libraries/PeriphDrivers/bin/MAX78000/spi-v1_softfp/libPeriphDriver_spi-v1_softfp.a(dma_reva.o)
                              C:/MaximSDK/Libraries/PeriphDrivers/bin/MAX78000/spi-v1_softfp/libPeriphDriver_spi-v1_softfp.a(dma_me17.o) (MXC_DMA_RevA_Init)
C:/MaximSDK/Libraries/PeriphDrivers/bin/MAX78000/spi-v1_softfp/libPeriphDriver_spi-v1_softfp.a(flc_me17.o)
                              C:/MaximSDK/Libraries/PeriphDrivers/bin/MAX78000/spi-v1_softfp/libPeriphDriver_spi-v1_softfp.a(sys_ai85.o) (MXC_FLC_UnlockInfoBlock)
C:/MaximSDK/Libraries/PeriphDrivers/bin/MAX78000/spi-v1_softfp/libPeriphDriver_spi-v1_softfp.a(flc_reva.o)
                              C:/MaximSDK/Libraries/PeriphDrivers/bin/MAX78000/spi-v1_softfp/libPeriphDriver_spi-v1_softfp.a(flc_me17.o) (MXC_FLC_RevA_Busy)
C:/MaximSDK/Libraries/PeriphDrivers/bin/MAX78000/spi-v1_softfp/libPeriphDriver_spi-v1_softfp.a(gpio_ai85.o)
                              c:/MaximSDK/Examples/MAX78000/CNN/flowers2/build/cnn.o (MXC_GPIO_Config)
C:/MaximSDK/Libraries/PeriphDrivers/bin/MAX78000/spi-v1_softfp/libPeriphDriver_spi-v1_softfp.a(gpio_reva.o)
                              C:/MaximSDK/Libraries/PeriphDrivers/bin/MAX78000/spi-v1_softfp/libPeriphDriver_spi-v1_softfp.a(gpio_ai85.o) (MXC_GPIO_RevA_InGet)
C:/MaximSDK/Libraries/PeriphDrivers/bin/MAX78000/spi-v1_softfp/libPeriphDriver_spi-v1_softfp.a(i2c_me17.o)
                              c:/MaximSDK/Examples/MAX78000/CNN/flowers2/build/max20303.o (MXC_I2C_Init)
C:/MaximSDK/Libraries/PeriphDrivers/bin/MAX78000/spi-v1_softfp/libPeriphDriver_spi-v1_softfp.a(i2c_reva.o)
                              C:/MaximSDK/Libraries/PeriphDrivers/bin/MAX78000/spi-v1_softfp/libPeriphDriver_spi-v1_softfp.a(i2c_me17.o) (MXC_I2C_RevA_DMACallback)
C:/MaximSDK/Libraries/PeriphDrivers/bin/MAX78000/spi-v1_softfp/libPeriphDriver_spi-v1_softfp.a(icc_me17.o)
                              c:/MaximSDK/Examples/MAX78000/CNN/flowers2/build/main.o (MXC_ICC_Enable)
C:/MaximSDK/Libraries/PeriphDrivers/bin/MAX78000/spi-v1_softfp/libPeriphDriver_spi-v1_softfp.a(icc_reva.o)
                              C:/MaximSDK/Libraries/PeriphDrivers/bin/MAX78000/spi-v1_softfp/libPeriphDriver_spi-v1_softfp.a(icc_me17.o) (MXC_ICC_RevA_ID)
C:/MaximSDK/Libraries/PeriphDrivers/bin/MAX78000/spi-v1_softfp/libPeriphDriver_spi-v1_softfp.a(pt_ai85.o)
                              c:/MaximSDK/Examples/MAX78000/CNN/flowers2/build/camera.o (MXC_PT_Init)
C:/MaximSDK/Libraries/PeriphDrivers/bin/MAX78000/spi-v1_softfp/libPeriphDriver_spi-v1_softfp.a(pt_reva.o)
                              C:/MaximSDK/Libraries/PeriphDrivers/bin/MAX78000/spi-v1_softfp/libPeriphDriver_spi-v1_softfp.a(pt_ai85.o) (MXC_PT_RevA_Init)
C:/MaximSDK/Libraries/PeriphDrivers/bin/MAX78000/spi-v1_softfp/libPeriphDriver_spi-v1_softfp.a(spi_me17.o)
[...]
Memory Configuration

Name             Origin             Length             Attributes
ROM              0x00000000         0x00010000         xr
FLASH            0x10000000         0x00080000         xr
SRAM             0x20000000         0x00020000         xrw
*default*        0x00000000         0xffffffff

Linker script and memory map

LOAD c:/maximsdk/tools/gnutools/10.3/bin/../lib/gcc/arm-none-eabi/10.3.1/thumb/v7e-m+fp/softfp/crti.o
LOAD c:/maximsdk/tools/gnutools/10.3/bin/../lib/gcc/arm-none-eabi/10.3.1/thumb/v7e-m+fp/softfp/crtbegin.o
LOAD c:/maximsdk/tools/gnutools/10.3/bin/../lib/gcc/arm-none-eabi/10.3.1/../../../../arm-none-eabi/lib/thumb/v7e-m+fp/softfp/crt0.o
LOAD c:/MaximSDK/Examples/MAX78000/CNN/flowers2/build/cnn.o
LOAD c:/MaximSDK/Examples/MAX78000/CNN/flowers2/build/main.o
LOAD c:/MaximSDK/Examples/MAX78000/CNN/flowers2/build/softmax.o
LOAD c:/MaximSDK/Examples/MAX78000/CNN/flowers2/build/board.o
LOAD c:/MaximSDK/Examples/MAX78000/CNN/flowers2/build/stdio.o
LOAD c:/MaximSDK/Examples/MAX78000/CNN/flowers2/build/led.o
LOAD c:/MaximSDK/Examples/MAX78000/CNN/flowers2/build/pb.o
LOAD c:/MaximSDK/Examples/MAX78000/CNN/flowers2/build/tft_ili9341.o
LOAD c:/MaximSDK/Examples/MAX78000/CNN/flowers2/build/camera.o
LOAD c:/MaximSDK/Examples/MAX78000/CNN/flowers2/build/ov7692.o
LOAD c:/MaximSDK/Examples/MAX78000/CNN/flowers2/build/sccb.o
LOAD c:/MaximSDK/Examples/MAX78000/CNN/flowers2/build/max20303.o
LOAD c:/MaximSDK/Examples/MAX78000/CNN/flowers2/build/max9867.o
LOAD c:/MaximSDK/Examples/MAX78000/CNN/flowers2/build/N01S830HA.o
LOAD c:/MaximSDK/Examples/MAX78000/CNN/flowers2/build/fastspi.o
LOAD c:/MaximSDK/Examples/MAX78000/CNN/flowers2/build/startup_max78000.o
LOAD c:/MaximSDK/Examples/MAX78000/CNN/flowers2/build/heap.o
LOAD c:/MaximSDK/Examples/MAX78000/CNN/flowers2/build/system_max78000.o
START GROUP
LOAD C:/MaximSDK/Libraries/PeriphDrivers/bin/MAX78000/spi-v1_softfp/libPeriphDriver_spi-v1_softfp.a
LOAD c:/maximsdk/tools/gnutools/10.3/bin/../lib/gcc/arm-none-eabi/10.3.1/../../../../arm-none-eabi/lib/thumb/v7e-m+fp/softfp\libc.a
LOAD c:/maximsdk/tools/gnutools/10.3/bin/../lib/gcc/arm-none-eabi/10.3.1/../../../../arm-none-eabi/lib/thumb/v7e-m+fp/softfp\libm.a
LOAD c:/maximsdk/tools/gnutools/10.3/bin/../lib/gcc/arm-none-eabi/10.3.1/../../../../arm-none-eabi/lib/thumb/v7e-m+fp/softfp\libnosys.a
END GROUP
START GROUP
LOAD c:/maximsdk/tools/gnutools/10.3/bin/../lib/gcc/arm-none-eabi/10.3.1/thumb/v7e-m+fp/softfp\libgcc.a
LOAD c:/maximsdk/tools/gnutools/10.3/bin/../lib/gcc/arm-none-eabi/10.3.1/../../../../arm-none-eabi/lib/thumb/v7e-m+fp/softfp\libc.a
END GROUP
LOAD c:/maximsdk/tools/gnutools/10.3/bin/../lib/gcc/arm-none-eabi/10.3.1/thumb/v7e-m+fp/softfp/crtend.o
LOAD c:/maximsdk/tools/gnutools/10.3/bin/../lib/gcc/arm-none-eabi/10.3.1/thumb/v7e-m+fp/softfp/crtn.o

.rom
 *(.rom_vector)
 *(.rom_handlers*)

.text           0x10000000    0x1e268
                0x10000000                _text = .
 *(.isr_vector)
 .isr_vector    0x10000000      0x1e0 c:/MaximSDK/Examples/MAX78000/CNN/flowers2/build/startup_max78000.o
                0x10000000                __isr_vector
 EXCLUDE_FILE(*riscv.o) *(.text*)
 .text          0x100001e0       0x40 c:/maximsdk/tools/gnutools/10.3/bin/../lib/gcc/arm-none-eabi/10.3.1/thumb/v7e-m+fp/softfp/crtbegin.o
 .text.CNN_ISR  0x10000220       0x50 c:/MaximSDK/Examples/MAX78000/CNN/flowers2/build/cnn.o
                0x10000220                CNN_ISR
 .text.cnn_stop
                0x10000270       0x14 c:/MaximSDK/Examples/MAX78000/CNN/flowers2/build/cnn.o
                0x10000270                cnn_stop
 .text.cnn_load_weights
                0x10000284       0x4c c:/MaximSDK/Examples/MAX78000/CNN/flowers2/build/cnn.o
                0x10000284                cnn_load_weights
 .text.cnn_load_bias
                0x100002d0       0x28 c:/MaximSDK/Examples/MAX78000/CNN/flowers2/build/cnn.o
                0x100002d0                cnn_load_bias
 .text.cnn_init
                0x100002f8       0x54 c:/MaximSDK/Examples/MAX78000/CNN/flowers2/build/cnn.o
                0x100002f8                cnn_init
 .text.cnn_configure
                0x1000034c      0x7e4 c:/MaximSDK/Examples/MAX78000/CNN/flowers2/build/cnn.o
                0x1000034c                cnn_configure
 .text.cnn_start
                0x10000b30       0x50 c:/MaximSDK/Examples/MAX78000/CNN/flowers2/build/cnn.o
                0x10000b30                cnn_start
 .text.cnn_unload
                0x10000b80       0x28 c:/MaximSDK/Examples/MAX78000/CNN/flowers2/build/cnn.o
                0x10000b80                cnn_unload
 .text.cnn_enable
                0x10000ba8       0x3c c:/MaximSDK/Examples/MAX78000/CNN/flowers2/build/cnn.o
                0x10000ba8                cnn_enable
 .text.cnn_boost_enable
                0x10000be4       0x24 c:/MaximSDK/Examples/MAX78000/CNN/flowers2/build/cnn.o
                0x10000be4                cnn_boost_enable
 .text.asciiart
                0x10000c08       0xd0 c:/MaximSDK/Examples/MAX78000/CNN/flowers2/build/main.o
                0x10000c08                asciiart
 .text.capture_process_camera
                0x10000cd8       0xc8 c:/MaximSDK/Examples/MAX78000/CNN/flowers2/build/main.o
                0x10000cd8                capture_process_camera
 .text.startup.main
                0x10000da0      0x284 c:/MaximSDK/Examples/MAX78000/CNN/flowers2/build/main.o
                0x10000da0                main
 .text.softmax_q17p14_q15
                0x10001024       0xa8 c:/MaximSDK/Examples/MAX78000/CNN/flowers2/build/softmax.o
                0x10001024                softmax_q17p14_q15
 .text.mxc_assert
                0x100010cc       0x10 c:/MaximSDK/Examples/MAX78000/CNN/flowers2/build/board.o
                0x100010cc                mxc_assert
 .text.GPIO0_IRQHandler
                0x100010dc        0x8 c:/MaximSDK/Examples/MAX78000/CNN/flowers2/build/board.o
                0x100010dc                GPIO0_IRQHandler
 .text.GPIO1_IRQHandler
                0x100010e4        0x8 c:/MaximSDK/Examples/MAX78000/CNN/flowers2/build/board.o
                0x100010e4                GPIO1_IRQHandler
 .text.Board_Init
                0x100010ec       0x6c c:/MaximSDK/Examples/MAX78000/CNN/flowers2/build/board.o
                0x100010ec                Board_Init
 .text.NMI_Handler
                0x10001158        0x4 c:/MaximSDK/Examples/MAX78000/CNN/flowers2/build/board.o
                0x10001158                NMI_Handler
 .text.Camera_Power
                0x1000115c       0x1c c:/MaximSDK/Examples/MAX78000/CNN/flowers2/build/board.o
                0x1000115c                Camera_Power
 .text._close   0x10001178        0x8 c:/MaximSDK/Examples/MAX78000/CNN/flowers2/build/stdio.o
                0x10001178                _close
 .text._isatty  0x10001180        0x8 c:/MaximSDK/Examples/MAX78000/CNN/flowers2/build/stdio.o
                0x10001180                _isatty
 .text._lseek   0x10001188        0x8 c:/MaximSDK/Examples/MAX78000/CNN/flowers2/build/stdio.o
                0x10001188                _lseek
 .text._fstat   0x10001190        0x8 c:/MaximSDK/Examples/MAX78000/CNN/flowers2/build/stdio.o
                0x10001190                _fstat
 .text._read    0x10001198       0x50 c:/MaximSDK/Examples/MAX78000/CNN/flowers2/build/stdio.o
                0x10001198                _read
 .text._write   0x100011e8       0x54 c:/MaximSDK/Examples/MAX78000/CNN/flowers2/build/stdio.o
                0x100011e8                _write
 .text.LED_Init
                0x1000123c       0x40 c:/MaximSDK/Examples/MAX78000/CNN/flowers2/build/led.o
                0x1000123c                LED_Init
 .text.LED_On   0x1000127c       0x40 c:/MaximSDK/Examples/MAX78000/CNN/flowers2/build/led.o
                0x1000127c                LED_On
 .text.LED_Off  0x100012bc       0x40 c:/MaximSDK/Examples/MAX78000/CNN/flowers2/build/led.o
                0x100012bc                LED_Off
 .text.PB_Init  0x100012fc       0x68 c:/MaximSDK/Examples/MAX78000/CNN/flowers2/build/pb.o
                0x100012fc                PB_Init
 .text.PB_Get   0x10001364       0x50 c:/MaximSDK/Examples/MAX78000/CNN/flowers2/build/pb.o
                0x10001364                PB_Get
 .text.camera_irq_handler
                0x100013b4      0x13c c:/MaximSDK/Examples/MAX78000/CNN/flowers2/build/camera.o
                0x100013b4                camera_irq_handler
 .text.stream_callback
                0x100014f0       0xbc c:/MaximSDK/Examples/MAX78000/CNN/flowers2/build/camera.o
 .text.setup_dma
                0x100015ac       0x94 c:/MaximSDK/Examples/MAX78000/CNN/flowers2/build/camera.o
 .text.stream_irq_handler
                0x10001640        0x4 c:/MaximSDK/Examples/MAX78000/CNN/flowers2/build/camera.o
                0x10001640                stream_irq_handler
 .text.camera_init
                0x10001644      0x12c c:/MaximSDK/Examples/MAX78000/CNN/flowers2/build/camera.o
                0x10001644                camera_init
 .text.camera_setup
                0x10001770      0x1d8 c:/MaximSDK/Examples/MAX78000/CNN/flowers2/build/camera.o
                0x10001770                camera_setup
 .text.camera_write_reg
                0x10001948        0xc c:/MaximSDK/Examples/MAX78000/CNN/flowers2/build/camera.o
                0x10001948                camera_write_reg
 .text.camera_start_capture_image
                0x10001954       0x3c c:/MaximSDK/Examples/MAX78000/CNN/flowers2/build/camera.o
                0x10001954                camera_start_capture_image
 .text.camera_is_image_rcv
                0x10001990       0x10 c:/MaximSDK/Examples/MAX78000/CNN/flowers2/build/camera.o
                0x10001990                camera_is_image_rcv
 .text.camera_get_image
                0x100019a0       0x3c c:/MaximSDK/Examples/MAX78000/CNN/flowers2/build/camera.o
                0x100019a0                camera_get_image
 .text.get_camera_stream_buffer
                0x100019dc        0xc c:/MaximSDK/Examples/MAX78000/CNN/flowers2/build/camera.o
                0x100019dc                get_camera_stream_buffer
 .text.release_camera_stream_buffer
                0x100019e8        0xc c:/MaximSDK/Examples/MAX78000/CNN/flowers2/build/camera.o
                0x100019e8                release_camera_stream_buffer
 .text.get_camera_stream_statistic
                0x100019f4        0x8 c:/MaximSDK/Examples/MAX78000/CNN/flowers2/build/camera.o
                0x100019f4                get_camera_stream_statistic
 .text.init     0x100019fc       0x10 c:/MaximSDK/Examples/MAX78000/CNN/flowers2/build/ov7692.o
 .text.get_slave_address
                0x10001a0c        0xc c:/MaximSDK/Examples/MAX78000/CNN/flowers2/build/ov7692.o
 .text.get_pixformat
                0x10001a18       0x10 c:/MaximSDK/Examples/MAX78000/CNN/flowers2/build/ov7692.o
 .text.set_saturation
                0x10001a28        0x4 c:/MaximSDK/Examples/MAX78000/CNN/flowers2/build/ov7692.o
 .text.get_luminance
                0x10001a2c       0x60 c:/MaximSDK/Examples/MAX78000/CNN/flowers2/build/ov7692.o
 .text.read_reg
                0x10001a8c       0x20 c:/MaximSDK/Examples/MAX78000/CNN/flowers2/build/ov7692.o
 .text.get_manufacture_id
                0x10001aac       0x3c c:/MaximSDK/Examples/MAX78000/CNN/flowers2/build/ov7692.o
 .text.get_product_id
                0x10001ae8       0x3c c:/MaximSDK/Examples/MAX78000/CNN/flowers2/build/ov7692.o
 .text.set_negateimage
                0x10001b24       0x90 c:/MaximSDK/Examples/MAX78000/CNN/flowers2/build/ov7692.o
 .text.set_vflip
                0x10001bb4       0x3c c:/MaximSDK/Examples/MAX78000/CNN/flowers2/build/ov7692.o
 .text.set_hmirror
                0x10001bf0       0x3c c:/MaximSDK/Examples/MAX78000/CNN/flowers2/build/ov7692.o
 .text.set_colorbar
                0x10001c2c       0x3c c:/MaximSDK/Examples/MAX78000/CNN/flowers2/build/ov7692.o
 .text.set_gainceiling
                0x10001c68       0xa0 c:/MaximSDK/Examples/MAX78000/CNN/flowers2/build/ov7692.o
 .text.set_brightness
                0x10001d08       0xa8 c:/MaximSDK/Examples/MAX78000/CNN/flowers2/build/ov7692.o
 .text.set_contrast
                0x10001db0       0xa0 c:/MaximSDK/Examples/MAX78000/CNN/flowers2/build/ov7692.o
 .text.set_windowing
                0x10001e50      0x120 c:/MaximSDK/Examples/MAX78000/CNN/flowers2/build/ov7692.o
 .text.set_framesize
                0x10001f70       0xcc c:/MaximSDK/Examples/MAX78000/CNN/flowers2/build/ov7692.o
 .text.set_pixformat
                0x1000203c       0x54 c:/MaximSDK/Examples/MAX78000/CNN/flowers2/build/ov7692.o
 .text.write_reg
                0x10002090       0x18 c:/MaximSDK/Examples/MAX78000/CNN/flowers2/build/ov7692.o
 .text.sleep    0x100020a8       0x3c c:/MaximSDK/Examples/MAX78000/CNN/flowers2/build/ov7692.o
 .text.reset    0x100020e4       0x64 c:/MaximSDK/Examples/MAX78000/CNN/flowers2/build/ov7692.o
 .text.dump_registers
                0x10002148       0xa8 c:/MaximSDK/Examples/MAX78000/CNN/flowers2/build/ov7692.o
 .text.sensor_register
                0x100021f0       0xbc c:/MaximSDK/Examples/MAX78000/CNN/flowers2/build/ov7692.o
                0x100021f0                sensor_register
 .text.send_byte
                0x100022ac       0x68 c:/MaximSDK/Examples/MAX78000/CNN/flowers2/build/sccb.o
 .text.get_byte
                0x10002314       0x50 c:/MaximSDK/Examples/MAX78000/CNN/flowers2/build/sccb.o
 .text.sccb_init
                0x10002364       0x30 c:/MaximSDK/Examples/MAX78000/CNN/flowers2/build/sccb.o
                0x10002364                sccb_init
 .text.sccb_read_byt
                0x10002394      0x11c c:/MaximSDK/Examples/MAX78000/CNN/flowers2/build/sccb.o
                0x10002394                sccb_read_byt
 .text.sccb_write_byt
                0x100024b0       0xa4 c:/MaximSDK/Examples/MAX78000/CNN/flowers2/build/sccb.o
                0x100024b0                sccb_write_byt
 .text.reg_read
                0x10002554       0x78 c:/MaximSDK/Examples/MAX78000/CNN/flowers2/build/max20303.o
 .text.reg_write
                0x100025cc       0x60 c:/MaximSDK/Examples/MAX78000/CNN/flowers2/build/max20303.o
 .text.reg_write_buf.constprop.0
                0x1000262c       0x70 c:/MaximSDK/Examples/MAX78000/CNN/flowers2/build/max20303.o
 .text.max20303_camera_power
                0x1000269c       0x68 c:/MaximSDK/Examples/MAX78000/CNN/flowers2/build/max20303.o
                0x1000269c                max20303_camera_power
 .text.max20303_init
                0x10002704       0x68 c:/MaximSDK/Examples/MAX78000/CNN/flowers2/build/max20303.o
                0x10002704                max20303_init
 .text          0x1000276c      0x148 c:/MaximSDK/Examples/MAX78000/CNN/flowers2/build/startup_max78000.o
                0x1000276c                Reset_Handler
                0x100027aa                HardFault_Handler
                0x100027ac                MemManage_Handler
                0x100027ae                BusFault_Handler
                0x100027b0                UsageFault_Handler
                0x100027b2                SVC_Handler
                0x100027b4                DebugMon_Handler
                0x100027b6                PendSV_Handler
                0x100027b8                SysTick_Handler
                0x100027ba                Default_Handler
                0x100027bc                PF_IRQHandler
                0x100027be                WDT0_IRQHandler
                0x100027c0                RSV02_IRQHandler
                0x100027c2                RTC_IRQHandler
                0x100027c4                TRNG_IRQHandler
                0x100027c6                TMR0_IRQHandler
                0x100027c8                TMR1_IRQHandler
                0x100027ca                TMR2_IRQHandler
                0x100027cc                TMR3_IRQHandler
                0x100027ce                TMR4_IRQHandler
                0x100027d0                TMR5_IRQHandler
                0x100027d2                RSV11_IRQHandler
                0x100027d4                RSV12_IRQHandler
                0x100027d6                I2C0_IRQHandler
                0x100027d8                UART0_IRQHandler
                0x100027da                UART1_IRQHandler
                0x100027dc                SPI1_IRQHandler
                0x100027de                RSV17_IRQHandler
                0x100027e0                RSV18_IRQHandler
                0x100027e2                RSV19_IRQHandler
                0x100027e4                ADC_IRQHandler
                0x100027e6                RSV21_IRQHandler
                0x100027e8                RSV22_IRQHandler
                0x100027ea                FLC0_IRQHandler
                0x100027f0                GPIO2_IRQHandler
                0x100027f2                RSV27_IRQHandler
                0x100027f4                DMA0_IRQHandler
                0x100027f6                DMA1_IRQHandler
                0x100027f8                DMA2_IRQHandler
                0x100027fa                DMA3_IRQHandler
                0x100027fc                RSV32_IRQHandler
                0x100027fe                RSV33_IRQHandler
                0x10002800                UART2_IRQHandler
                0x10002802                RSV35_IRQHandler
                0x10002804                I2C1_IRQHandler
                0x10002806                RSV37_IRQHandler
                0x10002808                RSV38_IRQHandler
                0x1000280a                RSV39_IRQHandler
                0x1000280c                RSV40_IRQHandler
                0x1000280e                RSV41_IRQHandler
                0x10002810                RSV42_IRQHandler
                0x10002812                RSV43_IRQHandler
                0x10002814                RSV44_IRQHandler
                0x10002816                RSV45_IRQHandler
                0x10002818                RSV46_IRQHandler
                0x1000281a                RSV47_IRQHandler
                0x1000281c                RSV48_IRQHandler
                0x1000281e                RSV49_IRQHandler
                0x10002820                RSV50_IRQHandler
                0x10002822                RSV51_IRQHandler
                0x10002824                RSV52_IRQHandler
                0x10002826                WUT_IRQHandler
                0x10002828                GPIOWAKE_IRQHandler
                0x1000282a                RSV55_IRQHandler
                0x1000282c                SPI0_IRQHandler
                0x1000282e                WDT1_IRQHandler
                0x10002830                RSV58_IRQHandler
                0x10002832                PT_IRQHandler
                0x10002834                RSV60_IRQHandler
                0x10002836                RSV61_IRQHandler
                0x10002838                I2C2_IRQHandler
                0x1000283a                RISCV_IRQHandler
                0x1000283c                RSV64_IRQHandler
                0x1000283e                RSV65_IRQHandler
                0x10002840                RSV66_IRQHandler
                0x10002842                OWM_IRQHandler
                0x10002844                RSV68_IRQHandler
                0x10002846                RSV69_IRQHandler
                0x10002848                RSV70_IRQHandler
                0x1000284a                RSV71_IRQHandler
                0x1000284c                RSV72_IRQHandler
                0x1000284e                RSV73_IRQHandler
                0x10002850                RSV74_IRQHandler
                0x10002852                RSV75_IRQHandler
                0x10002854                RSV76_IRQHandler
                0x10002856                RSV77_IRQHandler
                0x10002858                RSV78_IRQHandler
                0x1000285a                RSV79_IRQHandler
                0x1000285c                RSV80_IRQHandler
                0x1000285e                RSV81_IRQHandler
                0x10002860                ECC_IRQHandler
                0x10002862                DVS_IRQHandler
                0x10002864                SIMO_IRQHandler
                0x10002866                RSV85_IRQHandler
                0x10002868                RSV86_IRQHandler
                0x1000286a                RSV87_IRQHandler
                0x1000286c                UART3_IRQHandler
                0x1000286e                RSV89_IRQHandler
                0x10002870                RSV90_IRQHandler
                0x10002872                PCIF_IRQHandler
                0x10002874                RSV92_IRQHandler
                0x10002876                RSV93_IRQHandler
                0x10002878                RSV94_IRQHandler
                0x1000287a                RSV95_IRQHandler
                0x1000287c                RSV96_IRQHandler
                0x1000287e                AES_IRQHandler
                0x10002880                RSV98_IRQHandler
                0x10002882                I2S_IRQHandler
                0x10002884                CNN_FIFO_IRQHandler
                0x10002886                CNN_IRQHandler
                0x10002888                RSV102_IRQHandler
                0x1000288a                LPCMP_IRQHandler
 .text._sbrk    0x100028b4       0x3c c:/MaximSDK/Examples/MAX78000/CNN/flowers2/build/heap.o
                0x100028b4                _sbrk
 .text._getpid  0x100028f0        0x8 c:/MaximSDK/Examples/MAX78000/CNN/flowers2/build/system_max78000.o
                0x100028f0                _getpid
 .text._kill    0x100028f8        0x8 c:/MaximSDK/Examples/MAX78000/CNN/flowers2/build/system_max78000.o
                0x100028f8                _kill
 .text.SystemCoreClockUpdate
                0x10002900       0x68 c:/MaximSDK/Examples/MAX78000/CNN/flowers2/build/system_max78000.o
                0x10002900                SystemCoreClockUpdate
 .text.PreInit  0x10002968        0x4 c:/MaximSDK/Examples/MAX78000/CNN/flowers2/build/system_max78000.o
                0x10002968                PreInit
 .text.PinInit  0x1000296c        0x4 c:/MaximSDK/Examples/MAX78000/CNN/flowers2/build/system_max78000.o
                0x1000296c                PinInit
 .text.SystemInit
                0x10002970       0x3c c:/MaximSDK/Examples/MAX78000/CNN/flowers2/build/system_max78000.o
                0x10002970                SystemInit
 .text.MXC_DelayInit
                0x100029ac       0x7c C:/MaximSDK/Libraries/PeriphDrivers/bin/MAX78000/spi-v1_softfp/libPeriphDriver_spi-v1_softfp.a(mxc_delay.o)
 .text.MXC_DelayAsync
                0x10002a28       0x3c C:/MaximSDK/Libraries/PeriphDrivers/bin/MAX78000/spi-v1_softfp/libPeriphDriver_spi-v1_softfp.a(mxc_delay.o)
                0x10002a28                MXC_DelayAsync
 .text.MXC_DelayCheck
                0x10002a64       0x70 C:/MaximSDK/Libraries/PeriphDrivers/bin/MAX78000/spi-v1_softfp/libPeriphDriver_spi-v1_softfp.a(mxc_delay.o)
                0x10002a64                MXC_DelayCheck
 .text.MXC_DelayAbort
                0x10002ad4       0x34 C:/MaximSDK/Libraries/PeriphDrivers/bin/MAX78000/spi-v1_softfp/libPeriphDriver_spi-v1_softfp.a(mxc_delay.o)
                0x10002ad4                MXC_DelayAbort
 .text.MXC_Delay
                0x10002b08       0x74 C:/MaximSDK/Libraries/PeriphDrivers/bin/MAX78000/spi-v1_softfp/libPeriphDriver_spi-v1_softfp.a(mxc_delay.o)
                0x10002b08                MXC_Delay
 .text.MXC_NVIC_SetVector
                0x10002b7c       0x50 C:/MaximSDK/Libraries/PeriphDrivers/bin/MAX78000/spi-v1_softfp/libPeriphDriver_spi-v1_softfp.a(nvic_table.o)
                0x10002b7c                MXC_NVIC_SetVector
 .text.MXC_SYS_IsClockEnabled
                0x10002bcc       0x44 C:/MaximSDK/Libraries/PeriphDrivers/bin/MAX78000/spi-v1_softfp/libPeriphDriver_spi-v1_softfp.a(sys_ai85.o)
                0x10002bcc                MXC_SYS_IsClockEnabled
 .text.MXC_SYS_ClockDisable
                0x10002c10       0x44 C:/MaximSDK/Libraries/PeriphDrivers/bin/MAX78000/spi-v1_softfp/libPeriphDriver_spi-v1_softfp.a(sys_ai85.o)
                0x10002c10                MXC_SYS_ClockDisable
 .text.MXC_SYS_ClockEnable
                0x10002c54       0x4c C:/MaximSDK/Libraries/PeriphDrivers/bin/MAX78000/spi-v1_softfp/libPeriphDriver_spi-v1_softfp.a(sys_ai85.o)
                0x10002c54                MXC_SYS_ClockEnable
 .text.MXC_SYS_ClockSourceEnable
                0x10002ca0       0xf4 C:/MaximSDK/Libraries/PeriphDrivers/bin/MAX78000/spi-v1_softfp/libPeriphDriver_spi-v1_softfp.a(sys_ai85.o)
                0x10002ca0                MXC_SYS_ClockSourceEnable
 .text.MXC_SYS_Clock_Select
                0x10002d94      0x194 C:/MaximSDK/Libraries/PeriphDrivers/bin/MAX78000/spi-v1_softfp/libPeriphDriver_spi-v1_softfp.a(sys_ai85.o)
                0x10002d94                MXC_SYS_Clock_Select
 .text.MXC_SYS_Reset_Periph
                0x10002f28       0x50 C:/MaximSDK/Libraries/PeriphDrivers/bin/MAX78000/spi-v1_softfp/libPeriphDriver_spi-v1_softfp.a(sys_ai85.o)
                0x10002f28                MXC_SYS_Reset_Periph
 .text.MXC_PCIF_Init
                0x10002f78       0x6c C:/MaximSDK/Libraries/PeriphDrivers/bin/MAX78000/spi-v1_softfp/libPeriphDriver_spi-v1_softfp.a(cameraif_ai85.o)
                0x10002f78                MXC_PCIF_Init
 .text.MXC_PCIF_SetDataWidth
                0x10002fe4        0xc C:/MaximSDK/Libraries/PeriphDrivers/bin/MAX78000/spi-v1_softfp/libPeriphDriver_spi-v1_softfp.a(cameraif_ai85.o)
                0x10002fe4                MXC_PCIF_SetDataWidth
 .text.MXC_PCIF_SetTimingSel
                0x10002ff0        0xc C:/MaximSDK/Libraries/PeriphDrivers/bin/MAX78000/spi-v1_softfp/libPeriphDriver_spi-v1_softfp.a(cameraif_ai85.o)
                0x10002ff0                MXC_PCIF_SetTimingSel
 .text.MXC_PCIF_SetThreshold
                0x10002ffc        0xc C:/MaximSDK/Libraries/PeriphDrivers/bin/MAX78000/spi-v1_softfp/libPeriphDriver_spi-v1_softfp.a(cameraif_ai85.o)
                0x10002ffc                MXC_PCIF_SetThreshold
 .text.MXC_PCIF_EnableInt
                0x10003008        0xc C:/MaximSDK/Libraries/PeriphDrivers/bin/MAX78000/spi-v1_softfp/libPeriphDriver_spi-v1_softfp.a(cameraif_ai85.o)
                0x10003008                MXC_PCIF_EnableInt
 .text.MXC_PCIF_DisableInt
                0x10003014        0xc C:/MaximSDK/Libraries/PeriphDrivers/bin/MAX78000/spi-v1_softfp/libPeriphDriver_spi-v1_softfp.a(cameraif_ai85.o)
                0x10003014                MXC_PCIF_DisableInt
 .text.MXC_PCIF_Start
                0x10003020        0xc C:/MaximSDK/Libraries/PeriphDrivers/bin/MAX78000/spi-v1_softfp/libPeriphDriver_spi-v1_softfp.a(cameraif_ai85.o)
                0x10003020                MXC_PCIF_Start
 .text.MXC_PCIF_RevA_SetDatawidth
                0x1000302c       0x14 C:/MaximSDK/Libraries/PeriphDrivers/bin/MAX78000/spi-v1_softfp/libPeriphDriver_spi-v1_softfp.a(cameraif_reva.o)
                0x1000302c                MXC_PCIF_RevA_SetDatawidth
 .text.MXC_PCIF_RevA_SetTimingSel
                0x10003040       0x14 C:/MaximSDK/Libraries/PeriphDrivers/bin/MAX78000/spi-v1_softfp/libPeriphDriver_spi-v1_softfp.a(cameraif_reva.o)
                0x10003040                MXC_PCIF_RevA_SetTimingSel
 .text.MXC_PCIF_RevA_SetThreshold
                0x10003054       0x18 C:/MaximSDK/Libraries/PeriphDrivers/bin/MAX78000/spi-v1_softfp/libPeriphDriver_spi-v1_softfp.a(cameraif_reva.o)
                0x10003054                MXC_PCIF_RevA_SetThreshold
 .text.MXC_PCIF_RevA_EnableInt
                0x1000306c        0xc C:/MaximSDK/Libraries/PeriphDrivers/bin/MAX78000/spi-v1_softfp/libPeriphDriver_spi-v1_softfp.a(cameraif_reva.o)
                0x1000306c                MXC_PCIF_RevA_EnableInt
 .text.MXC_PCIF_RevA_DisableInt
                0x10003078       0x10 C:/MaximSDK/Libraries/PeriphDrivers/bin/MAX78000/spi-v1_softfp/libPeriphDriver_spi-v1_softfp.a(cameraif_reva.o)
                0x10003078                MXC_PCIF_RevA_DisableInt
 .text.MXC_PCIF_RevA_Start
                0x10003088       0x14 C:/MaximSDK/Libraries/PeriphDrivers/bin/MAX78000/spi-v1_softfp/libPeriphDriver_spi-v1_softfp.a(cameraif_reva.o)
                0x10003088                MXC_PCIF_RevA_Start
 .text.MXC_DMA_Init
                0x1000309c       0x30 C:/MaximSDK/Libraries/PeriphDrivers/bin/MAX78000/spi-v1_softfp/libPeriphDriver_spi-v1_softfp.a(dma_me17.o)
                0x1000309c                MXC_DMA_Init
 .text.MXC_DMA_DeInit
                0x100030cc        0xc C:/MaximSDK/Libraries/PeriphDrivers/bin/MAX78000/spi-v1_softfp/libPeriphDriver_spi-v1_softfp.a(dma_me17.o)
                0x100030cc                MXC_DMA_DeInit
 .text.MXC_DMA_AcquireChannel
                0x100030d8        0xc C:/MaximSDK/Libraries/PeriphDrivers/bin/MAX78000/spi-v1_softfp/libPeriphDriver_spi-v1_softfp.a(dma_me17.o)
                0x100030d8                MXC_DMA_AcquireChannel
 .text.MXC_DMA_ReleaseChannel
                0x100030e4        0x4 C:/MaximSDK/Libraries/PeriphDrivers/bin/MAX78000/spi-v1_softfp/libPeriphDriver_spi-v1_softfp.a(dma_me17.o)
                0x100030e4                MXC_DMA_ReleaseChannel
 .text.MXC_DMA_SetCallback
                0x100030e8        0x4 C:/MaximSDK/Libraries/PeriphDrivers/bin/MAX78000/spi-v1_softfp/libPeriphDriver_spi-v1_softfp.a(dma_me17.o)
                0x100030e8                MXC_DMA_SetCallback
 .text.MXC_DMA_ChannelClearFlags
                0x100030ec        0x4 C:/MaximSDK/Libraries/PeriphDrivers/bin/MAX78000/spi-v1_softfp/libPeriphDriver_spi-v1_softfp.a(dma_me17.o)
                0x100030ec                MXC_DMA_ChannelClearFlags
 .text.MXC_DMA_Handler
                0x100030f0        0xc C:/MaximSDK/Libraries/PeriphDrivers/bin/MAX78000/spi-v1_softfp/libPeriphDriver_spi-v1_softfp.a(dma_me17.o)
                0x100030f0                MXC_DMA_Handler
 .text.MXC_DMA_RevA_Init
                0x100030fc       0xac C:/MaximSDK/Libraries/PeriphDrivers/bin/MAX78000/spi-v1_softfp/libPeriphDriver_spi-v1_softfp.a(dma_reva.o)
                0x100030fc                MXC_DMA_RevA_Init
 .text.MXC_DMA_RevA_DeInit
                0x100031a8       0x3c C:/MaximSDK/Libraries/PeriphDrivers/bin/MAX78000/spi-v1_softfp/libPeriphDriver_spi-v1_softfp.a(dma_reva.o)
                0x100031a8                MXC_DMA_RevA_DeInit
 .text.MXC_DMA_RevA_AcquireChannel
                0x100031e4       0x88 C:/MaximSDK/Libraries/PeriphDrivers/bin/MAX78000/spi-v1_softfp/libPeriphDriver_spi-v1_softfp.a(dma_reva.o)
                0x100031e4                MXC_DMA_RevA_AcquireChannel
 .text.MXC_DMA_RevA_ReleaseChannel
                0x1000326c       0x48 C:/MaximSDK/Libraries/PeriphDrivers/bin/MAX78000/spi-v1_softfp/libPeriphDriver_spi-v1_softfp.a(dma_reva.o)
                0x1000326c                MXC_DMA_RevA_ReleaseChannel
 .text.MXC_DMA_RevA_SetCallback
                0x100032b4       0x24 C:/MaximSDK/Libraries/PeriphDrivers/bin/MAX78000/spi-v1_softfp/libPeriphDriver_spi-v1_softfp.a(dma_reva.o)
                0x100032b4                MXC_DMA_RevA_SetCallback
 .text.MXC_DMA_RevA_ChannelClearFlags
                0x100032d8       0x2c C:/MaximSDK/Libraries/PeriphDrivers/bin/MAX78000/spi-v1_softfp/libPeriphDriver_spi-v1_softfp.a(dma_reva.o)
                0x100032d8                MXC_DMA_RevA_ChannelClearFlags
 .text.MXC_DMA_RevA_Handler
                0x10003304       0x84 C:/MaximSDK/Libraries/PeriphDrivers/bin/MAX78000/spi-v1_softfp/libPeriphDriver_spi-v1_softfp.a(dma_reva.o)
                0x10003304                MXC_DMA_RevA_Handler
 .text.MXC_GPIO_Init
                0x10003388       0x40 C:/MaximSDK/Libraries/PeriphDrivers/bin/MAX78000/spi-v1_softfp/libPeriphDriver_spi-v1_softfp.a(gpio_ai85.o)
                0x10003388                MXC_GPIO_Init
 .text.MXC_GPIO_Config
                0x100033c8      0x234 C:/MaximSDK/Libraries/PeriphDrivers/bin/MAX78000/spi-v1_softfp/libPeriphDriver_spi-v1_softfp.a(gpio_ai85.o)
                0x100033c8                MXC_GPIO_Config
 .text.MXC_GPIO_InGet
                0x100035fc       0x34 C:/MaximSDK/Libraries/PeriphDrivers/bin/MAX78000/spi-v1_softfp/libPeriphDriver_spi-v1_softfp.a(gpio_ai85.o)
                0x100035fc                MXC_GPIO_InGet
 .text.MXC_GPIO_OutSet
                0x10003630       0x30 C:/MaximSDK/Libraries/PeriphDrivers/bin/MAX78000/spi-v1_softfp/libPeriphDriver_spi-v1_softfp.a(gpio_ai85.o)
                0x10003630                MXC_GPIO_OutSet
 .text.MXC_GPIO_OutClr
                0x10003660       0x34 C:/MaximSDK/Libraries/PeriphDrivers/bin/MAX78000/spi-v1_softfp/libPeriphDriver_spi-v1_softfp.a(gpio_ai85.o)
                0x10003660                MXC_GPIO_OutClr
 .text.MXC_GPIO_Handler
                0x10003694        0x4 C:/MaximSDK/Libraries/PeriphDrivers/bin/MAX78000/spi-v1_softfp/libPeriphDriver_spi-v1_softfp.a(gpio_ai85.o)
                0x10003694                MXC_GPIO_Handler
 .text.MXC_GPIO_ClearFlags
                0x10003698       0x18 C:/MaximSDK/Libraries/PeriphDrivers/bin/MAX78000/spi-v1_softfp/libPeriphDriver_spi-v1_softfp.a(gpio_ai85.o)
                0x10003698                MXC_GPIO_ClearFlags
 .text.MXC_GPIO_GetFlags
                0x100036b0       0x18 C:/MaximSDK/Libraries/PeriphDrivers/bin/MAX78000/spi-v1_softfp/libPeriphDriver_spi-v1_softfp.a(gpio_ai85.o)
                0x100036b0                MXC_GPIO_GetFlags
 .text.MXC_GPIO_SetVSSEL
                0x100036c8       0x24 C:/MaximSDK/Libraries/PeriphDrivers/bin/MAX78000/spi-v1_softfp/libPeriphDriver_spi-v1_softfp.a(gpio_ai85.o)
                0x100036c8                MXC_GPIO_SetVSSEL
 .text.MXC_GPIO_GetConfigLock
                0x100036ec        0x4 C:/MaximSDK/Libraries/PeriphDrivers/bin/MAX78000/spi-v1_softfp/libPeriphDriver_spi-v1_softfp.a(gpio_ai85.o)
                0x100036ec                MXC_GPIO_GetConfigLock
 .text.MXC_GPIO_RevA_InGet
                0x100036f0        0x8 C:/MaximSDK/Libraries/PeriphDrivers/bin/MAX78000/spi-v1_softfp/libPeriphDriver_spi-v1_softfp.a(gpio_reva.o)
                0x100036f0                MXC_GPIO_RevA_InGet
 .text.MXC_GPIO_RevA_OutSet
                0x100036f8        0x4 C:/MaximSDK/Libraries/PeriphDrivers/bin/MAX78000/spi-v1_softfp/libPeriphDriver_spi-v1_softfp.a(gpio_reva.o)
                0x100036f8                MXC_GPIO_RevA_OutSet
 .text.MXC_GPIO_RevA_OutClr
                0x100036fc        0x4 C:/MaximSDK/Libraries/PeriphDrivers/bin/MAX78000/spi-v1_softfp/libPeriphDriver_spi-v1_softfp.a(gpio_reva.o)
                0x100036fc                MXC_GPIO_RevA_OutClr
 .text.MXC_GPIO_RevA_ClearFlags
                0x10003700        0x4 C:/MaximSDK/Libraries/PeriphDrivers/bin/MAX78000/spi-v1_softfp/libPeriphDriver_spi-v1_softfp.a(gpio_reva.o)
                0x10003700                MXC_GPIO_RevA_ClearFlags
 .text.MXC_GPIO_RevA_GetFlags
                0x10003704        0x4 C:/MaximSDK/Libraries/PeriphDrivers/bin/MAX78000/spi-v1_softfp/libPeriphDriver_spi-v1_softfp.a(gpio_reva.o)
                0x10003704                MXC_GPIO_RevA_GetFlags
 .text.MXC_GPIO_RevA_SetVSSEL
                0x10003708       0x40 C:/MaximSDK/Libraries/PeriphDrivers/bin/MAX78000/spi-v1_softfp/libPeriphDriver_spi-v1_softfp.a(gpio_reva.o)
                0x10003708                MXC_GPIO_RevA_SetVSSEL
 .text.MXC_GPIO_RevA_SetAF
                0x10003748       0x7c C:/MaximSDK/Libraries/PeriphDrivers/bin/MAX78000/spi-v1_softfp/libPeriphDriver_spi-v1_softfp.a(gpio_reva.o)
                0x10003748                MXC_GPIO_RevA_SetAF
 .text.MXC_GPIO_RevA_SetDriveStrength
                0x100037c4       0xa0 C:/MaximSDK/Libraries/PeriphDrivers/bin/MAX78000/spi-v1_softfp/libPeriphDriver_spi-v1_softfp.a(gpio_reva.o)
                0x100037c4                MXC_GPIO_RevA_SetDriveStrength
 .text.MXC_I2C_SetSlaveAddr
                0x10003864        0xc C:/MaximSDK/Libraries/PeriphDrivers/bin/MAX78000/spi-v1_softfp/libPeriphDriver_spi-v1_softfp.a(i2c_me17.o)
                0x10003864                MXC_I2C_SetSlaveAddr
 .text.MXC_I2C_Shutdown
                0x10003870       0x6c C:/MaximSDK/Libraries/PeriphDrivers/bin/MAX78000/spi-v1_softfp/libPeriphDriver_spi-v1_softfp.a(i2c_me17.o)
                0x10003870                MXC_I2C_Shutdown
 .text.MXC_I2C_Init
                0x100038dc       0x94 C:/MaximSDK/Libraries/PeriphDrivers/bin/MAX78000/spi-v1_softfp/libPeriphDriver_spi-v1_softfp.a(i2c_me17.o)
                0x100038dc                MXC_I2C_Init
 .text.MXC_I2C_SetFrequency
                0x10003970        0x4 C:/MaximSDK/Libraries/PeriphDrivers/bin/MAX78000/spi-v1_softfp/libPeriphDriver_spi-v1_softfp.a(i2c_me17.o)
                0x10003970                MXC_I2C_SetFrequency
 .text.MXC_I2C_GetFrequency
                0x10003974        0x4 C:/MaximSDK/Libraries/PeriphDrivers/bin/MAX78000/spi-v1_softfp/libPeriphDriver_spi-v1_softfp.a(i2c_me17.o)
                0x10003974                MXC_I2C_GetFrequency
 .text.MXC_I2C_ClearRXFIFO
                0x10003978        0x4 C:/MaximSDK/Libraries/PeriphDrivers/bin/MAX78000/spi-v1_softfp/libPeriphDriver_spi-v1_softfp.a(i2c_me17.o)
                0x10003978                MXC_I2C_ClearRXFIFO
 .text.MXC_I2C_ClearTXFIFO
                0x1000397c        0x4 C:/MaximSDK/Libraries/PeriphDrivers/bin/MAX78000/spi-v1_softfp/libPeriphDriver_spi-v1_softfp.a(i2c_me17.o)
                0x1000397c                MXC_I2C_ClearTXFIFO
 .text.MXC_I2C_Recover
                0x10003980        0x4 C:/MaximSDK/Libraries/PeriphDrivers/bin/MAX78000/spi-v1_softfp/libPeriphDriver_spi-v1_softfp.a(i2c_me17.o)
                0x10003980                MXC_I2C_Recover
 .text.MXC_I2C_SetRXThreshold
                0x10003984        0x4 C:/MaximSDK/Libraries/PeriphDrivers/bin/MAX78000/spi-v1_softfp/libPeriphDriver_spi-v1_softfp.a(i2c_me17.o)
                0x10003984                MXC_I2C_SetRXThreshold
 .text.MXC_I2C_SetTXThreshold
                0x10003988        0x4 C:/MaximSDK/Libraries/PeriphDrivers/bin/MAX78000/spi-v1_softfp/libPeriphDriver_spi-v1_softfp.a(i2c_me17.o)
                0x10003988                MXC_I2C_SetTXThreshold
 .text.MXC_I2C_RevA_Init
                0x1000398c      0x104 C:/MaximSDK/Libraries/PeriphDrivers/bin/MAX78000/spi-v1_softfp/libPeriphDriver_spi-v1_softfp.a(i2c_reva.o)
                0x1000398c                MXC_I2C_RevA_Init
 .text.MXC_I2C_RevA_SetSlaveAddr
                0x10003a90       0x3c C:/MaximSDK/Libraries/PeriphDrivers/bin/MAX78000/spi-v1_softfp/libPeriphDriver_spi-v1_softfp.a(i2c_reva.o)
                0x10003a90                MXC_I2C_RevA_SetSlaveAddr
 .text.MXC_I2C_RevA_Shutdown
                0x10003acc       0xac C:/MaximSDK/Libraries/PeriphDrivers/bin/MAX78000/spi-v1_softfp/libPeriphDriver_spi-v1_softfp.a(i2c_reva.o)
                0x10003acc                MXC_I2C_RevA_Shutdown
 .text.MXC_I2C_RevA_SetFrequency
                0x10003b78       0xc0 C:/MaximSDK/Libraries/PeriphDrivers/bin/MAX78000/spi-v1_softfp/libPeriphDriver_spi-v1_softfp.a(i2c_reva.o)
                0x10003b78                MXC_I2C_RevA_SetFrequency
 .text.MXC_I2C_RevA_GetFrequency
                0x10003c38       0x38 C:/MaximSDK/Libraries/PeriphDrivers/bin/MAX78000/spi-v1_softfp/libPeriphDriver_spi-v1_softfp.a(i2c_reva.o)
                0x10003c38                MXC_I2C_RevA_GetFrequency
 .text.MXC_I2C_RevA_ClearRXFIFO
                0x10003c70       0x10 C:/MaximSDK/Libraries/PeriphDrivers/bin/MAX78000/spi-v1_softfp/libPeriphDriver_spi-v1_softfp.a(i2c_reva.o)
                0x10003c70                MXC_I2C_RevA_ClearRXFIFO
 .text.MXC_I2C_RevA_ClearTXFIFO
                0x10003c80       0x10 C:/MaximSDK/Libraries/PeriphDrivers/bin/MAX78000/spi-v1_softfp/libPeriphDriver_spi-v1_softfp.a(i2c_reva.o)
                0x10003c80                MXC_I2C_RevA_ClearTXFIFO
 .text.MXC_I2C_RevA_Recover
                0x10003c90       0xd8 C:/MaximSDK/Libraries/PeriphDrivers/bin/MAX78000/spi-v1_softfp/libPeriphDriver_spi-v1_softfp.a(i2c_reva.o)
                0x10003c90                MXC_I2C_RevA_Recover
 .text.MXC_I2C_RevA_SetRXThreshold
                0x10003d68       0x20 C:/MaximSDK/Libraries/PeriphDrivers/bin/MAX78000/spi-v1_softfp/libPeriphDriver_spi-v1_softfp.a(i2c_reva.o)
                0x10003d68                MXC_I2C_RevA_SetRXThreshold
 .text.MXC_I2C_RevA_SetTXThreshold
                0x10003d88       0x24 C:/MaximSDK/Libraries/PeriphDrivers/bin/MAX78000/spi-v1_softfp/libPeriphDriver_spi-v1_softfp.a(i2c_reva.o)
                0x10003d88                MXC_I2C_RevA_SetTXThreshold
 .text.MXC_ICC_Enable
                0x10003dac        0x4 C:/MaximSDK/Libraries/PeriphDrivers/bin/MAX78000/spi-v1_softfp/libPeriphDriver_spi-v1_softfp.a(icc_me17.o)
                0x10003dac                MXC_ICC_Enable
 .text.MXC_ICC_RevA_Enable
                0x10003db0       0x30 C:/MaximSDK/Libraries/PeriphDrivers/bin/MAX78000/spi-v1_softfp/libPeriphDriver_spi-v1_softfp.a(icc_reva.o)
                0x10003db0                MXC_ICC_RevA_Enable
 .text.MXC_PT_Init
                0x10003de0      0x128 C:/MaximSDK/Libraries/PeriphDrivers/bin/MAX78000/spi-v1_softfp/libPeriphDriver_spi-v1_softfp.a(pt_ai85.o)
                0x10003de0                MXC_PT_Init
 .text.MXC_PT_Config
                0x10003f08       0x5c C:/MaximSDK/Libraries/PeriphDrivers/bin/MAX78000/spi-v1_softfp/libPeriphDriver_spi-v1_softfp.a(pt_ai85.o)
                0x10003f08                MXC_PT_Config
 .text.MXC_PT_SqrWaveConfig
                0x10003f64       0x20 C:/MaximSDK/Libraries/PeriphDrivers/bin/MAX78000/spi-v1_softfp/libPeriphDriver_spi-v1_softfp.a(pt_ai85.o)
                0x10003f64                MXC_PT_SqrWaveConfig
 .text.MXC_PT_Start
                0x10003f84        0xc C:/MaximSDK/Libraries/PeriphDrivers/bin/MAX78000/spi-v1_softfp/libPeriphDriver_spi-v1_softfp.a(pt_ai85.o)
                0x10003f84                MXC_PT_Start
 .text.MXC_PT_IsActive
                0x10003f90        0xc C:/MaximSDK/Libraries/PeriphDrivers/bin/MAX78000/spi-v1_softfp/libPeriphDriver_spi-v1_softfp.a(pt_ai85.o)
                0x10003f90                MXC_PT_IsActive
 .text.MXC_PT_RevA_Init
                0x10003f9c       0x10 C:/MaximSDK/Libraries/PeriphDrivers/bin/MAX78000/spi-v1_softfp/libPeriphDriver_spi-v1_softfp.a(pt_reva.o)
                0x10003f9c                MXC_PT_RevA_Init
 .text.MXC_PT_RevA_Config
                0x10003fac       0xc4 C:/MaximSDK/Libraries/PeriphDrivers/bin/MAX78000/spi-v1_softfp/libPeriphDriver_spi-v1_softfp.a(pt_reva.o)
                0x10003fac                MXC_PT_RevA_Config
 .text.MXC_PT_RevA_SqrWaveConfig
                0x10004070       0x18 C:/MaximSDK/Libraries/PeriphDrivers/bin/MAX78000/spi-v1_softfp/libPeriphDriver_spi-v1_softfp.a(pt_reva.o)
                0x10004070                MXC_PT_RevA_SqrWaveConfig
 .text.MXC_PT_RevA_Start
                0x10004088       0x10 C:/MaximSDK/Libraries/PeriphDrivers/bin/MAX78000/spi-v1_softfp/libPeriphDriver_spi-v1_softfp.a(pt_reva.o)
                0x10004088                MXC_PT_RevA_Start
 .text.MXC_PT_RevA_IsActive
                0x10004098        0xc C:/MaximSDK/Libraries/PeriphDrivers/bin/MAX78000/spi-v1_softfp/libPeriphDriver_spi-v1_softfp.a(pt_reva.o)
                0x10004098                MXC_PT_RevA_IsActive
 .text.MXC_TMR_Init
                0x100040a4      0x314 C:/MaximSDK/Libraries/PeriphDrivers/bin/MAX78000/spi-v1_softfp/libPeriphDriver_spi-v1_softfp.a(tmr_ai85.o)
                0x100040a4                MXC_TMR_Init
 .text.MXC_TMR_Start
                0x100043b8        0x4 C:/MaximSDK/Libraries/PeriphDrivers/bin/MAX78000/spi-v1_softfp/libPeriphDriver_spi-v1_softfp.a(tmr_ai85.o)
                0x100043b8                MXC_TMR_Start
 .text.MXC_TMR_Stop
                0x100043bc        0x4 C:/MaximSDK/Libraries/PeriphDrivers/bin/MAX78000/spi-v1_softfp/libPeriphDriver_spi-v1_softfp.a(tmr_ai85.o)
                0x100043bc                MXC_TMR_Stop
 .text.MXC_TMR_ClearFlags
                0x100043c0        0x4 C:/MaximSDK/Libraries/PeriphDrivers/bin/MAX78000/spi-v1_softfp/libPeriphDriver_spi-v1_softfp.a(tmr_ai85.o)
                0x100043c0                MXC_TMR_ClearFlags
 .text.MXC_TMR_SetCount
                0x100043c4        0x4 C:/MaximSDK/Libraries/PeriphDrivers/bin/MAX78000/spi-v1_softfp/libPeriphDriver_spi-v1_softfp.a(tmr_ai85.o)
                0x100043c4                MXC_TMR_SetCount
 .text.MXC_TMR_TO_Start
                0x100043c8        0x4 C:/MaximSDK/Libraries/PeriphDrivers/bin/MAX78000/spi-v1_softfp/libPeriphDriver_spi-v1_softfp.a(tmr_ai85.o)
                0x100043c8                MXC_TMR_TO_Start
 .text.MXC_TMR_TO_Stop
                0x100043cc        0x4 C:/MaximSDK/Libraries/PeriphDrivers/bin/MAX78000/spi-v1_softfp/libPeriphDriver_spi-v1_softfp.a(tmr_ai85.o)
                0x100043cc                MXC_TMR_TO_Stop
 .text.MXC_TMR_TO_Elapsed
                0x100043d0        0x4 C:/MaximSDK/Libraries/PeriphDrivers/bin/MAX78000/spi-v1_softfp/libPeriphDriver_spi-v1_softfp.a(tmr_ai85.o)
                0x100043d0                MXC_TMR_TO_Elapsed
 .text.MXC_TMR_SW_Start
                0x100043d4        0x4 C:/MaximSDK/Libraries/PeriphDrivers/bin/MAX78000/spi-v1_softfp/libPeriphDriver_spi-v1_softfp.a(tmr_ai85.o)
                0x100043d4                MXC_TMR_SW_Start
 .text.MXC_TMR_SW_Stop
                0x100043d8        0x4 C:/MaximSDK/Libraries/PeriphDrivers/bin/MAX78000/spi-v1_softfp/libPeriphDriver_spi-v1_softfp.a(tmr_ai85.o)
                0x100043d8                MXC_TMR_SW_Stop
 .text.MXC_TMR_GetTime
                0x100043dc        0x4 C:/MaximSDK/Libraries/PeriphDrivers/bin/MAX78000/spi-v1_softfp/libPeriphDriver_spi-v1_softfp.a(tmr_ai85.o)
                0x100043dc                MXC_TMR_GetTime
 .text.MXC_TMR_RevB_SetClockSource
                0x100043e0       0xa0 C:/MaximSDK/Libraries/PeriphDrivers/bin/MAX78000/spi-v1_softfp/libPeriphDriver_spi-v1_softfp.a(tmr_revb.o)
                0x100043e0                MXC_TMR_RevB_SetClockSource
 .text.MXC_TMR_RevB_SetClockSourceFreq
                0x10004480       0x88 C:/MaximSDK/Libraries/PeriphDrivers/bin/MAX78000/spi-v1_softfp/libPeriphDriver_spi-v1_softfp.a(tmr_revb.o)
                0x10004480                MXC_TMR_RevB_SetClockSourceFreq
 .text.MXC_TMR_RevB_GetClockSourceFreq
                0x10004508       0x80 C:/MaximSDK/Libraries/PeriphDrivers/bin/MAX78000/spi-v1_softfp/libPeriphDriver_spi-v1_softfp.a(tmr_revb.o)
                0x10004508                MXC_TMR_RevB_GetClockSourceFreq
 .text.MXC_TMR_RevB_ConfigGeneric
                0x10004588       0xc4 C:/MaximSDK/Libraries/PeriphDrivers/bin/MAX78000/spi-v1_softfp/libPeriphDriver_spi-v1_softfp.a(tmr_revb.o)
                0x10004588                MXC_TMR_RevB_ConfigGeneric
 .text.MXC_TMR_RevB_Init
                0x1000464c      0x158 C:/MaximSDK/Libraries/PeriphDrivers/bin/MAX78000/spi-v1_softfp/libPeriphDriver_spi-v1_softfp.a(tmr_revb.o)
                0x1000464c                MXC_TMR_RevB_Init
 .text.MXC_TMR_RevB_Start
                0x100047a4       0x78 C:/MaximSDK/Libraries/PeriphDrivers/bin/MAX78000/spi-v1_softfp/libPeriphDriver_spi-v1_softfp.a(tmr_revb.o)
                0x100047a4                MXC_TMR_RevB_Start
 .text.MXC_TMR_RevB_Stop
                0x1000481c       0x58 C:/MaximSDK/Libraries/PeriphDrivers/bin/MAX78000/spi-v1_softfp/libPeriphDriver_spi-v1_softfp.a(tmr_revb.o)
                0x1000481c                MXC_TMR_RevB_Stop
 .text.MXC_TMR_RevB_ClearFlags
                0x10004874       0x58 C:/MaximSDK/Libraries/PeriphDrivers/bin/MAX78000/spi-v1_softfp/libPeriphDriver_spi-v1_softfp.a(tmr_revb.o)
                0x10004874                MXC_TMR_RevB_ClearFlags
 .text.MXC_TMR_RevB_SetCount
                0x100048cc       0x5c C:/MaximSDK/Libraries/PeriphDrivers/bin/MAX78000/spi-v1_softfp/libPeriphDriver_spi-v1_softfp.a(tmr_revb.o)
                0x100048cc                MXC_TMR_RevB_SetCount
 .text.MXC_TMR_RevB_TO_Start
                0x10004928       0xe4 C:/MaximSDK/Libraries/PeriphDrivers/bin/MAX78000/spi-v1_softfp/libPeriphDriver_spi-v1_softfp.a(tmr_revb.o)
                0x10004928                MXC_TMR_RevB_TO_Start
 .text.MXC_TMR_RevB_GetTime
                0x10004a0c      0x168 C:/MaximSDK/Libraries/PeriphDrivers/bin/MAX78000/spi-v1_softfp/libPeriphDriver_spi-v1_softfp.a(tmr_revb.o)
                0x10004a0c                MXC_TMR_RevB_GetTime
 .text.MXC_UART_Shutdown
                0x10004b74       0x70 C:/MaximSDK/Libraries/PeriphDrivers/bin/MAX78000/spi-v1_softfp/libPeriphDriver_spi-v1_softfp.a(uart_ai85.o)
                0x10004b74                MXC_UART_Shutdown
 .text.MXC_UART_SetFrequency
                0x10004be4       0x90 C:/MaximSDK/Libraries/PeriphDrivers/bin/MAX78000/spi-v1_softfp/libPeriphDriver_spi-v1_softfp.a(uart_ai85.o)
                0x10004be4                MXC_UART_SetFrequency
 .text.MXC_UART_SetDataSize
                0x10004c74        0x4 C:/MaximSDK/Libraries/PeriphDrivers/bin/MAX78000/spi-v1_softfp/libPeriphDriver_spi-v1_softfp.a(uart_ai85.o)
                0x10004c74                MXC_UART_SetDataSize
 .text.MXC_UART_SetStopBits
                0x10004c78        0x4 C:/MaximSDK/Libraries/PeriphDrivers/bin/MAX78000/spi-v1_softfp/libPeriphDriver_spi-v1_softfp.a(uart_ai85.o)
                0x10004c78                MXC_UART_SetStopBits
 .text.MXC_UART_SetParity
                0x10004c7c        0x4 C:/MaximSDK/Libraries/PeriphDrivers/bin/MAX78000/spi-v1_softfp/libPeriphDriver_spi-v1_softfp.a(uart_ai85.o)
                0x10004c7c                MXC_UART_SetParity
 .text.MXC_UART_SetClockSource
                0x10004c80       0x60 C:/MaximSDK/Libraries/PeriphDrivers/bin/MAX78000/spi-v1_softfp/libPeriphDriver_spi-v1_softfp.a(uart_ai85.o)
                0x10004c80                MXC_UART_SetClockSource
 .text.MXC_UART_GetClockSource
                0x10004ce0       0x4c C:/MaximSDK/Libraries/PeriphDrivers/bin/MAX78000/spi-v1_softfp/libPeriphDriver_spi-v1_softfp.a(uart_ai85.o)
                0x10004ce0                MXC_UART_GetClockSource
 .text.MXC_UART_Init
                0x10004d2c       0xa0 C:/MaximSDK/Libraries/PeriphDrivers/bin/MAX78000/spi-v1_softfp/libPeriphDriver_spi-v1_softfp.a(uart_ai85.o)
                0x10004d2c                MXC_UART_Init
 .text.MXC_UART_ReadCharacterRaw
                0x10004dcc        0x4 C:/MaximSDK/Libraries/PeriphDrivers/bin/MAX78000/spi-v1_softfp/libPeriphDriver_spi-v1_softfp.a(uart_ai85.o)
                0x10004dcc                MXC_UART_ReadCharacterRaw
 .text.MXC_UART_WriteCharacterRaw
                0x10004dd0        0x4 C:/MaximSDK/Libraries/PeriphDrivers/bin/MAX78000/spi-v1_softfp/libPeriphDriver_spi-v1_softfp.a(uart_ai85.o)
                0x10004dd0                MXC_UART_WriteCharacterRaw
 .text.MXC_UART_ReadCharacter
                0x10004dd4        0x4 C:/MaximSDK/Libraries/PeriphDrivers/bin/MAX78000/spi-v1_softfp/libPeriphDriver_spi-v1_softfp.a(uart_ai85.o)
                0x10004dd4                MXC_UART_ReadCharacter
 .text.MXC_UART_WriteCharacter
                0x10004dd8        0x4 C:/MaximSDK/Libraries/PeriphDrivers/bin/MAX78000/spi-v1_softfp/libPeriphDriver_spi-v1_softfp.a(uart_ai85.o)
                0x10004dd8                MXC_UART_WriteCharacter
 .text.MXC_UART_GetRXFIFOAvailable
                0x10004ddc        0x4 C:/MaximSDK/Libraries/PeriphDrivers/bin/MAX78000/spi-v1_softfp/libPeriphDriver_spi-v1_softfp.a(uart_ai85.o)
                0x10004ddc                MXC_UART_GetRXFIFOAvailable
 .text.MXC_UART_GetTXFIFOAvailable
                0x10004de0        0x4 C:/MaximSDK/Libraries/PeriphDrivers/bin/MAX78000/spi-v1_softfp/libPeriphDriver_spi-v1_softfp.a(uart_ai85.o)
                0x10004de0                MXC_UART_GetTXFIFOAvailable
 .text.MXC_UART_SetRXThreshold
                0x10004de4        0x4 C:/MaximSDK/Libraries/PeriphDrivers/bin/MAX78000/spi-v1_softfp/libPeriphDriver_spi-v1_softfp.a(uart_ai85.o)
                0x10004de4                MXC_UART_SetRXThreshold
 .text.MXC_UART_Common_ReadCharacter
                0x10004de8       0x18 C:/MaximSDK/Libraries/PeriphDrivers/bin/MAX78000/spi-v1_softfp/libPeriphDriver_spi-v1_softfp.a(uart_common.o)
                0x10004de8                MXC_UART_Common_ReadCharacter
 .text.MXC_UART_Common_WriteCharacter
                0x10004e00       0x1c C:/MaximSDK/Libraries/PeriphDrivers/bin/MAX78000/spi-v1_softfp/libPeriphDriver_spi-v1_softfp.a(uart_common.o)
                0x10004e00                MXC_UART_Common_WriteCharacter
 .text.MXC_UART_RevB_Init
                0x10004e1c       0xe0 C:/MaximSDK/Libraries/PeriphDrivers/bin/MAX78000/spi-v1_softfp/libPeriphDriver_spi-v1_softfp.a(uart_revb.o)
                0x10004e1c                MXC_UART_RevB_Init
 .text.MXC_UART_RevB_SetFrequency
                0x10004efc       0x1c C:/MaximSDK/Libraries/PeriphDrivers/bin/MAX78000/spi-v1_softfp/libPeriphDriver_spi-v1_softfp.a(uart_revb.o)
                0x10004efc                MXC_UART_RevB_SetFrequency
 .text.MXC_UART_RevB_SetDataSize
                0x10004f18       0x20 C:/MaximSDK/Libraries/PeriphDrivers/bin/MAX78000/spi-v1_softfp/libPeriphDriver_spi-v1_softfp.a(uart_revb.o)
                0x10004f18                MXC_UART_RevB_SetDataSize
 .text.MXC_UART_RevB_SetStopBits
                0x10004f38       0x28 C:/MaximSDK/Libraries/PeriphDrivers/bin/MAX78000/spi-v1_softfp/libPeriphDriver_spi-v1_softfp.a(uart_revb.o)
                0x10004f38                MXC_UART_RevB_SetStopBits
 .text.MXC_UART_RevB_SetParity
                0x10004f60       0x94 C:/MaximSDK/Libraries/PeriphDrivers/bin/MAX78000/spi-v1_softfp/libPeriphDriver_spi-v1_softfp.a(uart_revb.o)
                0x10004f60                MXC_UART_RevB_SetParity
 .text.MXC_UART_RevB_SetClockSource
                0x10004ff4       0xa8 C:/MaximSDK/Libraries/PeriphDrivers/bin/MAX78000/spi-v1_softfp/libPeriphDriver_spi-v1_softfp.a(uart_revb.o)
                0x10004ff4                MXC_UART_RevB_SetClockSource
 .text.MXC_UART_RevB_GetClockSource
                0x1000509c        0x8 C:/MaximSDK/Libraries/PeriphDrivers/bin/MAX78000/spi-v1_softfp/libPeriphDriver_spi-v1_softfp.a(uart_revb.o)
                0x1000509c                MXC_UART_RevB_GetClockSource
 .text.MXC_UART_RevB_ReadCharacterRaw
                0x100050a4       0x10 C:/MaximSDK/Libraries/PeriphDrivers/bin/MAX78000/spi-v1_softfp/libPeriphDriver_spi-v1_softfp.a(uart_revb.o)
                0x100050a4                MXC_UART_RevB_ReadCharacterRaw
 .text.MXC_UART_RevB_WriteCharacterRaw
                0x100050b4       0x14 C:/MaximSDK/Libraries/PeriphDrivers/bin/MAX78000/spi-v1_softfp/libPeriphDriver_spi-v1_softfp.a(uart_revb.o)
                0x100050b4                MXC_UART_RevB_WriteCharacterRaw
 .text.MXC_UART_RevB_GetRXFIFOAvailable
                0x100050c8        0x8 C:/MaximSDK/Libraries/PeriphDrivers/bin/MAX78000/spi-v1_softfp/libPeriphDriver_spi-v1_softfp.a(uart_revb.o)
                0x100050c8                MXC_UART_RevB_GetRXFIFOAvailable
 .text.MXC_UART_RevB_GetTXFIFOAvailable
                0x100050d0        0xc C:/MaximSDK/Libraries/PeriphDrivers/bin/MAX78000/spi-v1_softfp/libPeriphDriver_spi-v1_softfp.a(uart_revb.o)
                0x100050d0                MXC_UART_RevB_GetTXFIFOAvailable
 .text.MXC_UART_RevB_SetRXThreshold
                0x100050dc       0x1c C:/MaximSDK/Libraries/PeriphDrivers/bin/MAX78000/spi-v1_softfp/libPeriphDriver_spi-v1_softfp.a(uart_revb.o)
                0x100050dc                MXC_UART_RevB_SetRXThreshold
 .text.MXC_GetLock
                0x100050f8       0x1c C:/MaximSDK/Libraries/PeriphDrivers/bin/MAX78000/spi-v1_softfp/libPeriphDriver_spi-v1_softfp.a(mxc_lock.o)
                0x100050f8                MXC_GetLock
 .text.MXC_FreeLock
                0x10005114        0xc C:/MaximSDK/Libraries/PeriphDrivers/bin/MAX78000/spi-v1_softfp/libPeriphDriver_spi-v1_softfp.a(mxc_lock.o)
                0x10005114                MXC_FreeLock
 .text.MXC_GPIO_Common_Init
                0x10005120       0x24 C:/MaximSDK/Libraries/PeriphDrivers/bin/MAX78000/spi-v1_softfp/libPeriphDriver_spi-v1_softfp.a(gpio_common.o)
                0x10005120                MXC_GPIO_Common_Init
 .text.MXC_GPIO_Common_Handler
                0x10005144       0x88 C:/MaximSDK/Libraries/PeriphDrivers/bin/MAX78000/spi-v1_softfp/libPeriphDriver_spi-v1_softfp.a(gpio_common.o)
                0x10005144                MXC_GPIO_Common_Handler
 .text.MXC_GPIO_Common_GetConfigLock
                0x100051cc        0xc C:/MaximSDK/Libraries/PeriphDrivers/bin/MAX78000/spi-v1_softfp/libPeriphDriver_spi-v1_softfp.a(gpio_common.o)
                0x100051cc                MXC_GPIO_Common_GetConfigLock
 .text.MXC_TMR_Common_TO_Stop
                0x100051d8       0x14 C:/MaximSDK/Libraries/PeriphDrivers/bin/MAX78000/spi-v1_softfp/libPeriphDriver_spi-v1_softfp.a(tmr_common.o)
                0x100051d8                MXC_TMR_Common_TO_Stop
 .text.MXC_TMR_Common_SW_Start
                0x100051ec        0x8 C:/MaximSDK/Libraries/PeriphDrivers/bin/MAX78000/spi-v1_softfp/libPeriphDriver_spi-v1_softfp.a(tmr_common.o)
                0x100051ec                MXC_TMR_Common_SW_Start
 .text.MXC_TMR_Common_SW_Stop
                0x100051f4       0x14 C:/MaximSDK/Libraries/PeriphDrivers/bin/MAX78000/spi-v1_softfp/libPeriphDriver_spi-v1_softfp.a(tmr_common.o)
                0x100051f4                MXC_TMR_Common_SW_Stop
 .text.MXC_TMR_Common_TO_Elapsed
                0x10005208       0x54 C:/MaximSDK/Libraries/PeriphDrivers/bin/MAX78000/spi-v1_softfp/libPeriphDriver_spi-v1_softfp.a(tmr_common.o)
                0x10005208                MXC_TMR_Common_TO_Elapsed
 .text.__errno  0x1000525c        0xc c:/maximsdk/tools/gnutools/10.3/bin/../lib/gcc/arm-none-eabi/10.3.1/../../../../arm-none-eabi/lib/thumb/v7e-m+fp/softfp\libc.a(lib_a-errno.o)
                0x1000525c                __errno
 .text.__libc_init_array
                0x10005268       0x48 c:/maximsdk/tools/gnutools/10.3/bin/../lib/gcc/arm-none-eabi/10.3.1/../../../../arm-none-eabi/lib/thumb/v7e-m+fp/softfp\libc.a(lib_a-init.o)
                0x10005268                __libc_init_array
 .text.malloc   0x100052b0       0x10 c:/maximsdk/tools/gnutools/10.3/bin/../lib/gcc/arm-none-eabi/10.3.1/../../../../arm-none-eabi/lib/thumb/v7e-m+fp/softfp\libc.a(lib_a-malloc.o)
                0x100052b0                malloc
 .text.free     0x100052c0       0x10 c:/maximsdk/tools/gnutools/10.3/bin/../lib/gcc/arm-none-eabi/10.3.1/../../../../arm-none-eabi/lib/thumb/v7e-m+fp/softfp\libc.a(lib_a-malloc.o)
                0x100052c0                free
 .text._malloc_r
                0x100052d0      0x560 c:/maximsdk/tools/gnutools/10.3/bin/../lib/gcc/arm-none-eabi/10.3.1/../../../../arm-none-eabi/lib/thumb/v7e-m+fp/softfp\libc.a(lib_a-mallocr.o)
                0x100052d0                _malloc_r
 .text          0x10005830      0x134 c:/maximsdk/tools/gnutools/10.3/bin/../lib/gcc/arm-none-eabi/10.3.1/../../../../arm-none-eabi/lib/thumb/v7e-m+fp/softfp\libc.a(lib_a-memcpy.o)
                0x10005830                memcpy
 .text.memset   0x10005964       0xa4 c:/maximsdk/tools/gnutools/10.3/bin/../lib/gcc/arm-none-eabi/10.3.1/../../../../arm-none-eabi/lib/thumb/v7e-m+fp/softfp\libc.a(lib_a-memset.o)
                0x10005964                memset
 .text.__malloc_lock
                0x10005a08        0xc c:/maximsdk/tools/gnutools/10.3/bin/../lib/gcc/arm-none-eabi/10.3.1/../../../../arm-none-eabi/lib/thumb/v7e-m+fp/softfp\libc.a(lib_a-mlock.o)
                0x10005a08                __malloc_lock
 .text.__malloc_unlock
                0x10005a14        0xc c:/maximsdk/tools/gnutools/10.3/bin/../lib/gcc/arm-none-eabi/10.3.1/../../../../arm-none-eabi/lib/thumb/v7e-m+fp/softfp\libc.a(lib_a-mlock.o)
                0x10005a14                __malloc_unlock
 .text.printf   0x10005a20       0x28 c:/maximsdk/tools/gnutools/10.3/bin/../lib/gcc/arm-none-eabi/10.3.1/../../../../arm-none-eabi/lib/thumb/v7e-m+fp/softfp\libc.a(lib_a-printf.o)
                0x10005a20                printf
 .text.putchar  0x10005a48       0x10 c:/maximsdk/tools/gnutools/10.3/bin/../lib/gcc/arm-none-eabi/10.3.1/../../../../arm-none-eabi/lib/thumb/v7e-m+fp/softfp\libc.a(lib_a-putchar.o)
                0x10005a48                putchar
 .text._puts_r  0x10005a58       0x9c c:/maximsdk/tools/gnutools/10.3/bin/../lib/gcc/arm-none-eabi/10.3.1/../../../../arm-none-eabi/lib/thumb/v7e-m+fp/softfp\libc.a(lib_a-puts.o)
                0x10005a58                _puts_r
 .text.puts     0x10005af4       0x10 c:/maximsdk/tools/gnutools/10.3/bin/../lib/gcc/arm-none-eabi/10.3.1/../../../../arm-none-eabi/lib/thumb/v7e-m+fp/softfp\libc.a(lib_a-puts.o)
                0x10005af4                puts
 .text._sbrk_r  0x10005b04       0x24 c:/maximsdk/tools/gnutools/10.3/bin/../lib/gcc/arm-none-eabi/10.3.1/../../../../arm-none-eabi/lib/thumb/v7e-m+fp/softfp\libc.a(lib_a-sbrkr.o)
                0x10005b04                _sbrk_r
 .text.snprintf
                0x10005b28       0x88 c:/maximsdk/tools/gnutools/10.3/bin/../lib/gcc/arm-none-eabi/10.3.1/../../../../arm-none-eabi/lib/thumb/v7e-m+fp/softfp\libc.a(lib_a-snprintf.o)
                0x10005b28                snprintf
 *fill*         0x10005bb0       0x10 
 .text          0x10005bc0       0xdc c:/maximsdk/tools/gnutools/10.3/bin/../lib/gcc/arm-none-eabi/10.3.1/../../../../arm-none-eabi/lib/thumb/v7e-m+fp/softfp\libc.a(lib_a-strlen.o)
                0x10005bc0                strlen
 *fill*         0x10005c9c        0x4 
 .text._svfprintf_r
                0x10005ca0     0x1ac8 c:/maximsdk/tools/gnutools/10.3/bin/../lib/gcc/arm-none-eabi/10.3.1/../../../../arm-none-eabi/lib/thumb/v7e-m+fp/softfp\libc.a(lib_a-svfprintf.o)
                0x10005ca0                _svfprintf_r
 .text._vfprintf_r
                0x10007768     0x1b8c c:/maximsdk/tools/gnutools/10.3/bin/../lib/gcc/arm-none-eabi/10.3.1/../../../../arm-none-eabi/lib/thumb/v7e-m+fp/softfp\libc.a(lib_a-vfprintf.o)
                0x10007768                _vfprintf_r
 .text.__sbprintf
                0x100092f4       0x80 c:/maximsdk/tools/gnutools/10.3/bin/../lib/gcc/arm-none-eabi/10.3.1/../../../../arm-none-eabi/lib/thumb/v7e-m+fp/softfp\libc.a(lib_a-vfprintf.o)
 .text.__swsetup_r
                0x10009374       0xd4 c:/maximsdk/tools/gnutools/10.3/bin/../lib/gcc/arm-none-eabi/10.3.1/../../../../arm-none-eabi/lib/thumb/v7e-m+fp/softfp\libc.a(lib_a-wsetup.o)
                0x10009374                __swsetup_r
 .text.startup.register_fini
                0x10009448       0x14 c:/maximsdk/tools/gnutools/10.3/bin/../lib/gcc/arm-none-eabi/10.3.1/../../../../arm-none-eabi/lib/thumb/v7e-m+fp/softfp\libc.a(lib_a-__call_atexit.o)
 .text.atexit   0x1000945c        0xc c:/maximsdk/tools/gnutools/10.3/bin/../lib/gcc/arm-none-eabi/10.3.1/../../../../arm-none-eabi/lib/thumb/v7e-m+fp/softfp\libc.a(lib_a-atexit.o)
                0x1000945c                atexit
 .text.quorem   0x10009468      0x128 c:/maximsdk/tools/gnutools/10.3/bin/../lib/gcc/arm-none-eabi/10.3.1/../../../../arm-none-eabi/lib/thumb/v7e-m+fp/softfp\libc.a(lib_a-dtoa.o)
 .text._dtoa_r  0x10009590      0xf34 c:/maximsdk/tools/gnutools/10.3/bin/../lib/gcc/arm-none-eabi/10.3.1/../../../../arm-none-eabi/lib/thumb/v7e-m+fp/softfp\libc.a(lib_a-dtoa.o)
                0x10009590                _dtoa_r
 .text.__sflush_r
                0x1000a4c4      0x130 c:/maximsdk/tools/gnutools/10.3/bin/../lib/gcc/arm-none-eabi/10.3.1/../../../../arm-none-eabi/lib/thumb/v7e-m+fp/softfp\libc.a(lib_a-fflush.o)
                0x1000a4c4                __sflush_r
 .text._fflush_r
                0x1000a5f4       0x5c c:/maximsdk/tools/gnutools/10.3/bin/../lib/gcc/arm-none-eabi/10.3.1/../../../../arm-none-eabi/lib/thumb/v7e-m+fp/softfp\libc.a(lib_a-fflush.o)
                0x1000a5f4                _fflush_r
 .text._cleanup_r
                0x1000a650        0xc c:/maximsdk/tools/gnutools/10.3/bin/../lib/gcc/arm-none-eabi/10.3.1/../../../../arm-none-eabi/lib/thumb/v7e-m+fp/softfp\libc.a(lib_a-findfp.o)
                0x1000a650                _cleanup_r
 .text.__sinit  0x1000a65c      0x10c c:/maximsdk/tools/gnutools/10.3/bin/../lib/gcc/arm-none-eabi/10.3.1/../../../../arm-none-eabi/lib/thumb/v7e-m+fp/softfp\libc.a(lib_a-findfp.o)
                0x1000a65c                __sinit
 .text.__sfp_lock_acquire
                0x1000a768        0xc c:/maximsdk/tools/gnutools/10.3/bin/../lib/gcc/arm-none-eabi/10.3.1/../../../../arm-none-eabi/lib/thumb/v7e-m+fp/softfp\libc.a(lib_a-findfp.o)
                0x1000a768                __sfp_lock_acquire
 .text.__sfp_lock_release
                0x1000a774        0xc c:/maximsdk/tools/gnutools/10.3/bin/../lib/gcc/arm-none-eabi/10.3.1/../../../../arm-none-eabi/lib/thumb/v7e-m+fp/softfp\libc.a(lib_a-findfp.o)
                0x1000a774                __sfp_lock_release
 .text.__libc_fini_array
                0x1000a780       0x2c c:/maximsdk/tools/gnutools/10.3/bin/../lib/gcc/arm-none-eabi/10.3.1/../../../../arm-none-eabi/lib/thumb/v7e-m+fp/softfp\libc.a(lib_a-fini.o)
                0x1000a780                __libc_fini_array
 .text._malloc_trim_r
                0x1000a7ac       0xa0 c:/maximsdk/tools/gnutools/10.3/bin/../lib/gcc/arm-none-eabi/10.3.1/../../../../arm-none-eabi/lib/thumb/v7e-m+fp/softfp\libc.a(lib_a-freer.o)
                0x1000a7ac                _malloc_trim_r
 .text._free_r  0x1000a84c      0x20c c:/maximsdk/tools/gnutools/10.3/bin/../lib/gcc/arm-none-eabi/10.3.1/../../../../arm-none-eabi/lib/thumb/v7e-m+fp/softfp\libc.a(lib_a-freer.o)
                0x1000a84c                _free_r
 .text.__sfvwrite_r
                0x1000aa58      0x2f0 c:/maximsdk/tools/gnutools/10.3/bin/../lib/gcc/arm-none-eabi/10.3.1/../../../../arm-none-eabi/lib/thumb/v7e-m+fp/softfp\libc.a(lib_a-fvwrite.o)
                0x1000aa58                __sfvwrite_r
 .text._fwalk_reent
                0x1000ad48       0x48 c:/maximsdk/tools/gnutools/10.3/bin/../lib/gcc/arm-none-eabi/10.3.1/../../../../arm-none-eabi/lib/thumb/v7e-m+fp/softfp\libc.a(lib_a-fwalk.o)
                0x1000ad48                _fwalk_reent
 .text._localeconv_r
                0x1000ad90        0x8 c:/maximsdk/tools/gnutools/10.3/bin/../lib/gcc/arm-none-eabi/10.3.1/../../../../arm-none-eabi/lib/thumb/v7e-m+fp/softfp\libc.a(lib_a-localeconv.o)
                0x1000ad90                _localeconv_r
 .text.__retarget_lock_init_recursive
                0x1000ad98        0x4 c:/maximsdk/tools/gnutools/10.3/bin/../lib/gcc/arm-none-eabi/10.3.1/../../../../arm-none-eabi/lib/thumb/v7e-m+fp/softfp\libc.a(lib_a-lock.o)
                0x1000ad98                __retarget_lock_init_recursive
 .text.__retarget_lock_close_recursive
                0x1000ad9c        0x4 c:/maximsdk/tools/gnutools/10.3/bin/../lib/gcc/arm-none-eabi/10.3.1/../../../../arm-none-eabi/lib/thumb/v7e-m+fp/softfp\libc.a(lib_a-lock.o)
                0x1000ad9c                __retarget_lock_close_recursive
 .text.__retarget_lock_acquire_recursive
                0x1000ada0        0x4 c:/maximsdk/tools/gnutools/10.3/bin/../lib/gcc/arm-none-eabi/10.3.1/../../../../arm-none-eabi/lib/thumb/v7e-m+fp/softfp\libc.a(lib_a-lock.o)
                0x1000ada0                __retarget_lock_acquire_recursive
 .text.__retarget_lock_release_recursive
                0x1000ada4        0x4 c:/maximsdk/tools/gnutools/10.3/bin/../lib/gcc/arm-none-eabi/10.3.1/../../../../arm-none-eabi/lib/thumb/v7e-m+fp/softfp\libc.a(lib_a-lock.o)
                0x1000ada4                __retarget_lock_release_recursive
 .text.__smakebuf_r
                0x1000ada8       0xe0 c:/maximsdk/tools/gnutools/10.3/bin/../lib/gcc/arm-none-eabi/10.3.1/../../../../arm-none-eabi/lib/thumb/v7e-m+fp/softfp\libc.a(lib_a-makebuf.o)
                0x1000ada8                __smakebuf_r
 *fill*         0x1000ae88        0x8 
 .text          0x1000ae90       0xa0 c:/maximsdk/tools/gnutools/10.3/bin/../lib/gcc/arm-none-eabi/10.3.1/../../../../arm-none-eabi/lib/thumb/v7e-m+fp/softfp\libc.a(lib_a-memchr.o)
                0x1000ae90                memchr
 .text.memmove  0x1000af30       0xf8 c:/maximsdk/tools/gnutools/10.3/bin/../lib/gcc/arm-none-eabi/10.3.1/../../../../arm-none-eabi/lib/thumb/v7e-m+fp/softfp\libc.a(lib_a-memmove.o)
                0x1000af30                memmove
 .text._Balloc  0x1000b028       0x4c c:/maximsdk/tools/gnutools/10.3/bin/../lib/gcc/arm-none-eabi/10.3.1/../../../../arm-none-eabi/lib/thumb/v7e-m+fp/softfp\libc.a(lib_a-mprec.o)
                0x1000b028                _Balloc
 .text._Bfree   0x1000b074       0x14 c:/maximsdk/tools/gnutools/10.3/bin/../lib/gcc/arm-none-eabi/10.3.1/../../../../arm-none-eabi/lib/thumb/v7e-m+fp/softfp\libc.a(lib_a-mprec.o)
                0x1000b074                _Bfree
 .text.__multadd
                0x1000b088       0xa8 c:/maximsdk/tools/gnutools/10.3/bin/../lib/gcc/arm-none-eabi/10.3.1/../../../../arm-none-eabi/lib/thumb/v7e-m+fp/softfp\libc.a(lib_a-mprec.o)
                0x1000b088                __multadd
 .text.__hi0bits
                0x1000b130       0x40 c:/maximsdk/tools/gnutools/10.3/bin/../lib/gcc/arm-none-eabi/10.3.1/../../../../arm-none-eabi/lib/thumb/v7e-m+fp/softfp\libc.a(lib_a-mprec.o)
                0x1000b130                __hi0bits
 .text.__lo0bits
                0x1000b170       0x60 c:/maximsdk/tools/gnutools/10.3/bin/../lib/gcc/arm-none-eabi/10.3.1/../../../../arm-none-eabi/lib/thumb/v7e-m+fp/softfp\libc.a(lib_a-mprec.o)
                0x1000b170                __lo0bits
 .text.__i2b    0x1000b1d0       0x5c c:/maximsdk/tools/gnutools/10.3/bin/../lib/gcc/arm-none-eabi/10.3.1/../../../../arm-none-eabi/lib/thumb/v7e-m+fp/softfp\libc.a(lib_a-mprec.o)
                0x1000b1d0                __i2b
 .text.__multiply
                0x1000b22c      0x15c c:/maximsdk/tools/gnutools/10.3/bin/../lib/gcc/arm-none-eabi/10.3.1/../../../../arm-none-eabi/lib/thumb/v7e-m+fp/softfp\libc.a(lib_a-mprec.o)
                0x1000b22c                __multiply
 .text.__pow5mult
                0x1000b388       0xc0 c:/maximsdk/tools/gnutools/10.3/bin/../lib/gcc/arm-none-eabi/10.3.1/../../../../arm-none-eabi/lib/thumb/v7e-m+fp/softfp\libc.a(lib_a-mprec.o)
                0x1000b388                __pow5mult
 .text.__lshift
                0x1000b448       0xf0 c:/maximsdk/tools/gnutools/10.3/bin/../lib/gcc/arm-none-eabi/10.3.1/../../../../arm-none-eabi/lib/thumb/v7e-m+fp/softfp\libc.a(lib_a-mprec.o)
                0x1000b448                __lshift
 .text.__mcmp   0x1000b538       0x44 c:/maximsdk/tools/gnutools/10.3/bin/../lib/gcc/arm-none-eabi/10.3.1/../../../../arm-none-eabi/lib/thumb/v7e-m+fp/softfp\libc.a(lib_a-mprec.o)
                0x1000b538                __mcmp
 .text.__mdiff  0x1000b57c      0x14c c:/maximsdk/tools/gnutools/10.3/bin/../lib/gcc/arm-none-eabi/10.3.1/../../../../arm-none-eabi/lib/thumb/v7e-m+fp/softfp\libc.a(lib_a-mprec.o)
                0x1000b57c                __mdiff
 .text.__d2b    0x1000b6c8       0xc4 c:/maximsdk/tools/gnutools/10.3/bin/../lib/gcc/arm-none-eabi/10.3.1/../../../../arm-none-eabi/lib/thumb/v7e-m+fp/softfp\libc.a(lib_a-mprec.o)
                0x1000b6c8                __d2b
 .text._putc_r  0x1000b78c       0x74 c:/maximsdk/tools/gnutools/10.3/bin/../lib/gcc/arm-none-eabi/10.3.1/../../../../arm-none-eabi/lib/thumb/v7e-m+fp/softfp\libc.a(lib_a-putc.o)
                0x1000b78c                _putc_r
 .text._realloc_r
                0x1000b800      0x3d8 c:/maximsdk/tools/gnutools/10.3/bin/../lib/gcc/arm-none-eabi/10.3.1/../../../../arm-none-eabi/lib/thumb/v7e-m+fp/softfp\libc.a(lib_a-reallocr.o)
                0x1000b800                _realloc_r
 .text.frexp    0x1000bbd8       0x70 c:/maximsdk/tools/gnutools/10.3/bin/../lib/gcc/arm-none-eabi/10.3.1/../../../../arm-none-eabi/lib/thumb/v7e-m+fp/softfp\libc.a(lib_a-s_frexp.o)
                0x1000bbd8                frexp
 .text.__sread  0x1000bc48       0x24 c:/maximsdk/tools/gnutools/10.3/bin/../lib/gcc/arm-none-eabi/10.3.1/../../../../arm-none-eabi/lib/thumb/v7e-m+fp/softfp\libc.a(lib_a-stdio.o)
                0x1000bc48                __sread
 .text.__swrite
                0x1000bc6c       0x40 c:/maximsdk/tools/gnutools/10.3/bin/../lib/gcc/arm-none-eabi/10.3.1/../../../../arm-none-eabi/lib/thumb/v7e-m+fp/softfp\libc.a(lib_a-stdio.o)
                0x1000bc6c                __swrite
 .text.__sseek  0x1000bcac       0x20 c:/maximsdk/tools/gnutools/10.3/bin/../lib/gcc/arm-none-eabi/10.3.1/../../../../arm-none-eabi/lib/thumb/v7e-m+fp/softfp\libc.a(lib_a-stdio.o)
                0x1000bcac                __sseek
 .text.__sclose
                0x1000bccc        0x8 c:/maximsdk/tools/gnutools/10.3/bin/../lib/gcc/arm-none-eabi/10.3.1/../../../../arm-none-eabi/lib/thumb/v7e-m+fp/softfp\libc.a(lib_a-stdio.o)
                0x1000bccc                __sclose
 .text.strncpy  0x1000bcd4       0x64 c:/maximsdk/tools/gnutools/10.3/bin/../lib/gcc/arm-none-eabi/10.3.1/../../../../arm-none-eabi/lib/thumb/v7e-m+fp/softfp\libc.a(lib_a-strncpy.o)
                0x1000bcd4                strncpy
 .text.__ssprint_r
                0x1000bd38       0xf8 c:/maximsdk/tools/gnutools/10.3/bin/../lib/gcc/arm-none-eabi/10.3.1/../../../../arm-none-eabi/lib/thumb/v7e-m+fp/softfp\libc.a(lib_a-svfiprintf.o)
                0x1000bd38                __ssprint_r
 .text.__sprint_r.part.0
                0x1000be30       0x78 c:/maximsdk/tools/gnutools/10.3/bin/../lib/gcc/arm-none-eabi/10.3.1/../../../../arm-none-eabi/lib/thumb/v7e-m+fp/softfp\libc.a(lib_a-vfiprintf.o)
 .text.__sprint_r
                0x1000bea8       0x18 c:/maximsdk/tools/gnutools/10.3/bin/../lib/gcc/arm-none-eabi/10.3.1/../../../../arm-none-eabi/lib/thumb/v7e-m+fp/softfp\libc.a(lib_a-vfiprintf.o)
                0x1000bea8                __sprint_r
 .text._vfiprintf_r
                0x1000bec0      0xdfc c:/maximsdk/tools/gnutools/10.3/bin/../lib/gcc/arm-none-eabi/10.3.1/../../../../arm-none-eabi/lib/thumb/v7e-m+fp/softfp\libc.a(lib_a-vfiprintf.o)
                0x1000bec0                _vfiprintf_r
 .text.__sbprintf
                0x1000ccbc       0x80 c:/maximsdk/tools/gnutools/10.3/bin/../lib/gcc/arm-none-eabi/10.3.1/../../../../arm-none-eabi/lib/thumb/v7e-m+fp/softfp\libc.a(lib_a-vfiprintf.o)
 .text.__swbuf_r
                0x1000cd3c       0xb0 c:/maximsdk/tools/gnutools/10.3/bin/../lib/gcc/arm-none-eabi/10.3.1/../../../../arm-none-eabi/lib/thumb/v7e-m+fp/softfp\libc.a(lib_a-wbuf.o)
                0x1000cd3c                __swbuf_r
 .text._write_r
                0x1000cdec       0x2c c:/maximsdk/tools/gnutools/10.3/bin/../lib/gcc/arm-none-eabi/10.3.1/../../../../arm-none-eabi/lib/thumb/v7e-m+fp/softfp\libc.a(lib_a-writer.o)
                0x1000cdec                _write_r
 .text.__register_exitproc
                0x1000ce18       0x8c c:/maximsdk/tools/gnutools/10.3/bin/../lib/gcc/arm-none-eabi/10.3.1/../../../../arm-none-eabi/lib/thumb/v7e-m+fp/softfp\libc.a(lib_a-__atexit.o)
                0x1000ce18                __register_exitproc
 .text.__assert_func
                0x1000cea4       0x40 c:/maximsdk/tools/gnutools/10.3/bin/../lib/gcc/arm-none-eabi/10.3.1/../../../../arm-none-eabi/lib/thumb/v7e-m+fp/softfp\libc.a(lib_a-assert.o)
                0x1000cea4                __assert_func
 .text._calloc_r
                0x1000cee4       0x78 c:/maximsdk/tools/gnutools/10.3/bin/../lib/gcc/arm-none-eabi/10.3.1/../../../../arm-none-eabi/lib/thumb/v7e-m+fp/softfp\libc.a(lib_a-callocr.o)
                0x1000cee4                _calloc_r
 .text._close_r
                0x1000cf5c       0x24 c:/maximsdk/tools/gnutools/10.3/bin/../lib/gcc/arm-none-eabi/10.3.1/../../../../arm-none-eabi/lib/thumb/v7e-m+fp/softfp\libc.a(lib_a-closer.o)
                0x1000cf5c                _close_r
 .text._fclose_r
                0x1000cf80       0xcc c:/maximsdk/tools/gnutools/10.3/bin/../lib/gcc/arm-none-eabi/10.3.1/../../../../arm-none-eabi/lib/thumb/v7e-m+fp/softfp\libc.a(lib_a-fclose.o)
                0x1000cf80                _fclose_r
 .text.fiprintf
                0x1000d04c       0x28 c:/maximsdk/tools/gnutools/10.3/bin/../lib/gcc/arm-none-eabi/10.3.1/../../../../arm-none-eabi/lib/thumb/v7e-m+fp/softfp\libc.a(lib_a-fiprintf.o)
                0x1000d04c                fiprintf
 .text.__fputwc
                0x1000d074       0xa8 c:/maximsdk/tools/gnutools/10.3/bin/../lib/gcc/arm-none-eabi/10.3.1/../../../../arm-none-eabi/lib/thumb/v7e-m+fp/softfp\libc.a(lib_a-fputwc.o)
                0x1000d074                __fputwc
 .text._fputwc_r
                0x1000d11c       0x68 c:/maximsdk/tools/gnutools/10.3/bin/../lib/gcc/arm-none-eabi/10.3.1/../../../../arm-none-eabi/lib/thumb/v7e-m+fp/softfp\libc.a(lib_a-fputwc.o)
                0x1000d11c                _fputwc_r
 .text._fstat_r
                0x1000d184       0x2c c:/maximsdk/tools/gnutools/10.3/bin/../lib/gcc/arm-none-eabi/10.3.1/../../../../arm-none-eabi/lib/thumb/v7e-m+fp/softfp\libc.a(lib_a-fstatr.o)
                0x1000d184                _fstat_r
 .text._isatty_r
                0x1000d1b0       0x24 c:/maximsdk/tools/gnutools/10.3/bin/../lib/gcc/arm-none-eabi/10.3.1/../../../../arm-none-eabi/lib/thumb/v7e-m+fp/softfp\libc.a(lib_a-isattyr.o)
                0x1000d1b0                _isatty_r
 .text.__locale_mb_cur_max
                0x1000d1d4        0xc c:/maximsdk/tools/gnutools/10.3/bin/../lib/gcc/arm-none-eabi/10.3.1/../../../../arm-none-eabi/lib/thumb/v7e-m+fp/softfp\libc.a(lib_a-locale.o)
                0x1000d1d4                __locale_mb_cur_max
 .text._lseek_r
                0x1000d1e0       0x2c c:/maximsdk/tools/gnutools/10.3/bin/../lib/gcc/arm-none-eabi/10.3.1/../../../../arm-none-eabi/lib/thumb/v7e-m+fp/softfp\libc.a(lib_a-lseekr.o)
                0x1000d1e0                _lseek_r
 .text.__ascii_mbtowc
                0x1000d20c       0x2c c:/maximsdk/tools/gnutools/10.3/bin/../lib/gcc/arm-none-eabi/10.3.1/../../../../arm-none-eabi/lib/thumb/v7e-m+fp/softfp\libc.a(lib_a-mbtowc_r.o)
                0x1000d20c                __ascii_mbtowc
 .text._read_r  0x1000d238       0x2c c:/maximsdk/tools/gnutools/10.3/bin/../lib/gcc/arm-none-eabi/10.3.1/../../../../arm-none-eabi/lib/thumb/v7e-m+fp/softfp\libc.a(lib_a-readr.o)
                0x1000d238                _read_r
 .text._wcrtomb_r
                0x1000d264       0x3c c:/maximsdk/tools/gnutools/10.3/bin/../lib/gcc/arm-none-eabi/10.3.1/../../../../arm-none-eabi/lib/thumb/v7e-m+fp/softfp\libc.a(lib_a-wcrtomb.o)
                0x1000d264                _wcrtomb_r
 .text.__ascii_wctomb
                0x1000d2a0       0x1c c:/maximsdk/tools/gnutools/10.3/bin/../lib/gcc/arm-none-eabi/10.3.1/../../../../arm-none-eabi/lib/thumb/v7e-m+fp/softfp\libc.a(lib_a-wctomb_r.o)
                0x1000d2a0                __ascii_wctomb
 .text.abort    0x1000d2bc       0x10 c:/maximsdk/tools/gnutools/10.3/bin/../lib/gcc/arm-none-eabi/10.3.1/../../../../arm-none-eabi/lib/thumb/v7e-m+fp/softfp\libc.a(lib_a-abort.o)
                0x1000d2bc                abort
 .text.raise    0x1000d2cc       0x5c c:/maximsdk/tools/gnutools/10.3/bin/../lib/gcc/arm-none-eabi/10.3.1/../../../../arm-none-eabi/lib/thumb/v7e-m+fp/softfp\libc.a(lib_a-signal.o)
                0x1000d2cc                raise
 .text._kill_r  0x1000d328       0x2c c:/maximsdk/tools/gnutools/10.3/bin/../lib/gcc/arm-none-eabi/10.3.1/../../../../arm-none-eabi/lib/thumb/v7e-m+fp/softfp\libc.a(lib_a-signalr.o)
                0x1000d328                _kill_r
 .text._getpid_r
                0x1000d354        0x4 c:/maximsdk/tools/gnutools/10.3/bin/../lib/gcc/arm-none-eabi/10.3.1/../../../../arm-none-eabi/lib/thumb/v7e-m+fp/softfp\libc.a(lib_a-signalr.o)
                0x1000d354                _getpid_r
 .text._exit    0x1000d358        0x4 c:/maximsdk/tools/gnutools/10.3/bin/../lib/gcc/arm-none-eabi/10.3.1/../../../../arm-none-eabi/lib/thumb/v7e-m+fp/softfp\libnosys.a(_exit.o)
                0x1000d358                _exit
 .text          0x1000d35c      0x378 c:/maximsdk/tools/gnutools/10.3/bin/../lib/gcc/arm-none-eabi/10.3.1/thumb/v7e-m+fp/softfp\libgcc.a(_arm_addsubdf3.o)
                0x1000d35c                __aeabi_drsub
                0x1000d364                __aeabi_dsub
                0x1000d364                __subdf3
                0x1000d368                __aeabi_dadd
                0x1000d368                __adddf3
                0x1000d5e0                __floatunsidf
                0x1000d5e0                __aeabi_ui2d
                0x1000d600                __floatsidf
                0x1000d600                __aeabi_i2d
                0x1000d624                __aeabi_f2d
                0x1000d624                __extendsfdf2
                0x1000d668                __floatundidf
                0x1000d668                __aeabi_ul2d
                0x1000d678                __floatdidf
                0x1000d678                __aeabi_l2d
 .text          0x1000d6d4      0x424 c:/maximsdk/tools/gnutools/10.3/bin/../lib/gcc/arm-none-eabi/10.3.1/thumb/v7e-m+fp/softfp\libgcc.a(_arm_muldivdf3.o)
                0x1000d6d4                __aeabi_dmul
                0x1000d6d4                __muldf3
                0x1000d928                __divdf3
                0x1000d928                __aeabi_ddiv
 .text          0x1000daf8      0x110 c:/maximsdk/tools/gnutools/10.3/bin/../lib/gcc/arm-none-eabi/10.3.1/thumb/v7e-m+fp/softfp\libgcc.a(_arm_cmpdf2.o)
                0x1000daf8                __gtdf2
                0x1000daf8                __gedf2
                0x1000db00                __ltdf2
                0x1000db00                __ledf2
                0x1000db08                __nedf2
                0x1000db08                __eqdf2
                0x1000db08                __cmpdf2
                0x1000db84                __aeabi_cdrcmple
                0x1000db94                __aeabi_cdcmpeq
                0x1000db94                __aeabi_cdcmple
                0x1000dba4                __aeabi_dcmpeq
                0x1000dbb8                __aeabi_dcmplt
                0x1000dbcc                __aeabi_dcmple
                0x1000dbe0                __aeabi_dcmpge
                0x1000dbf4                __aeabi_dcmpgt
 .text          0x1000dc08       0x2c c:/maximsdk/tools/gnutools/10.3/bin/../lib/gcc/arm-none-eabi/10.3.1/thumb/v7e-m+fp/softfp\libgcc.a(_arm_unorddf2.o)
                0x1000dc08                __unorddf2
                0x1000dc08                __aeabi_dcmpun
 .text          0x1000dc34       0x50 c:/maximsdk/tools/gnutools/10.3/bin/../lib/gcc/arm-none-eabi/10.3.1/thumb/v7e-m+fp/softfp\libgcc.a(_arm_fixdfsi.o)
                0x1000dc34                __aeabi_d2iz
                0x1000dc34                __fixdfsi
 .text          0x1000dc84       0xa0 c:/maximsdk/tools/gnutools/10.3/bin/../lib/gcc/arm-none-eabi/10.3.1/thumb/v7e-m+fp/softfp\libgcc.a(_aeabi_ldivmod.o)
                0x1000dc84                __aeabi_ldivmod
 .text          0x1000dd24       0x30 c:/maximsdk/tools/gnutools/10.3/bin/../lib/gcc/arm-none-eabi/10.3.1/thumb/v7e-m+fp/softfp\libgcc.a(_aeabi_uldivmod.o)
                0x1000dd24                __aeabi_uldivmod
 .text          0x1000dd54      0x2d0 c:/maximsdk/tools/gnutools/10.3/bin/../lib/gcc/arm-none-eabi/10.3.1/thumb/v7e-m+fp/softfp\libgcc.a(_udivmoddi4.o)
                0x1000dd54                __udivmoddi4
 .text          0x1000e024        0x4 c:/maximsdk/tools/gnutools/10.3/bin/../lib/gcc/arm-none-eabi/10.3.1/thumb/v7e-m+fp/softfp\libgcc.a(_dvmd_tls.o)
                0x1000e024                __aeabi_idiv0
                0x1000e024                __aeabi_ldiv0
 *(.rodata*)
 .rodata.bias_0
                0x1000e028        0x6 c:/MaximSDK/Examples/MAX78000/CNN/flowers2/build/cnn.o
 *fill*         0x1000e02e        0x2 
 .rodata.kernels
                0x1000e030     0xf4f4 c:/MaximSDK/Examples/MAX78000/CNN/flowers2/build/cnn.o
 .rodata.asciiart.str1.4
                0x1001d524       0x46 c:/MaximSDK/Examples/MAX78000/CNN/flowers2/build/main.o
 *fill*         0x1001d56a        0x2 
 .rodata.capture_process_camera.str1.4
                0x1001d56c       0x7d c:/MaximSDK/Examples/MAX78000/CNN/flowers2/build/main.o
 *fill*         0x1001d5e9        0x3 
 .rodata.main.str1.4
                0x1001d5ec      0x238 c:/MaximSDK/Examples/MAX78000/CNN/flowers2/build/main.o
 .rodata.str1.4
                0x1001d824        0xb c:/MaximSDK/Examples/MAX78000/CNN/flowers2/build/main.o
 *fill*         0x1001d82f        0x1 
 .rodata.classes
                0x1001d830       0x48 c:/MaximSDK/Examples/MAX78000/CNN/flowers2/build/main.o
                0x1001d830                classes
 .rodata.mxc_assert.str1.4
                0x1001d878       0x19 c:/MaximSDK/Examples/MAX78000/CNN/flowers2/build/board.o
 *fill*         0x1001d891        0x3 
 .rodata.Board_Init.str1.4
                0x1001d894       0x45 c:/MaximSDK/Examples/MAX78000/CNN/flowers2/build/board.o
 *fill*         0x1001d8d9        0x3 
 .rodata.led_pin
                0x1001d8dc       0x24 c:/MaximSDK/Examples/MAX78000/CNN/flowers2/build/board.o
                0x1001d8dc                led_pin
 .rodata.num_leds
                0x1001d900        0x4 c:/MaximSDK/Examples/MAX78000/CNN/flowers2/build/board.o
                0x1001d900                num_leds
 .rodata.num_pbs
                0x1001d904        0x4 c:/MaximSDK/Examples/MAX78000/CNN/flowers2/build/board.o
                0x1001d904                num_pbs
 .rodata.pb_pin
                0x1001d908       0x18 c:/MaximSDK/Examples/MAX78000/CNN/flowers2/build/board.o
                0x1001d908                pb_pin
 .rodata.LED_On.str1.4
                0x1001d920       0x3b c:/MaximSDK/Examples/MAX78000/CNN/flowers2/build/led.o
 *fill*         0x1001d95b        0x1 
 .rodata.PB_IntEnable.str1.4
                0x1001d95c       0x41 c:/MaximSDK/Examples/MAX78000/CNN/flowers2/build/pb.o
 *fill*         0x1001d99d        0x3 
 .rodata.camera_setup.str1.4
                0x1001d9a0       0x1b c:/MaximSDK/Examples/MAX78000/CNN/flowers2/build/camera.o
 *fill*         0x1001d9bb        0x1 
 .rodata.dump_registers.str1.4
                0x1001d9bc       0x12 c:/MaximSDK/Examples/MAX78000/CNN/flowers2/build/ov7692.o
 *fill*         0x1001d9ce        0x2 
 .rodata.default_regs
                0x1001d9d0       0x5e c:/MaximSDK/Examples/MAX78000/CNN/flowers2/build/ov7692.o
 *fill*         0x1001da2e        0x2 
 .rodata.gpio_cfg_scl
                0x1001da30        0xc c:/MaximSDK/Examples/MAX78000/CNN/flowers2/build/sccb.o
 .rodata.gpio_cfg_sda
                0x1001da3c        0xc c:/MaximSDK/Examples/MAX78000/CNN/flowers2/build/sccb.o
 .rodata.gpio_cfg_extclk
                0x1001da48        0xc C:/MaximSDK/Libraries/PeriphDrivers/bin/MAX78000/spi-v1_softfp/libPeriphDriver_spi-v1_softfp.a(pins_ai85.o)
                0x1001da48                gpio_cfg_extclk
 .rodata.gpio_cfg_i2c0
                0x1001da54        0xc C:/MaximSDK/Libraries/PeriphDrivers/bin/MAX78000/spi-v1_softfp/libPeriphDriver_spi-v1_softfp.a(pins_ai85.o)
                0x1001da54                gpio_cfg_i2c0
 .rodata.gpio_cfg_i2c1
                0x1001da60        0xc C:/MaximSDK/Libraries/PeriphDrivers/bin/MAX78000/spi-v1_softfp/libPeriphDriver_spi-v1_softfp.a(pins_ai85.o)
                0x1001da60                gpio_cfg_i2c1
 .rodata.gpio_cfg_i2c2
                0x1001da6c        0xc C:/MaximSDK/Libraries/PeriphDrivers/bin/MAX78000/spi-v1_softfp/libPeriphDriver_spi-v1_softfp.a(pins_ai85.o)
                0x1001da6c                gpio_cfg_i2c2
 .rodata.gpio_cfg_pcif_P0_BITS_0_7
                0x1001da78        0xc C:/MaximSDK/Libraries/PeriphDrivers/bin/MAX78000/spi-v1_softfp/libPeriphDriver_spi-v1_softfp.a(pins_ai85.o)
                0x1001da78                gpio_cfg_pcif_P0_BITS_0_7
 .rodata.gpio_cfg_pcif_P0_BITS_8_9
                0x1001da84        0xc C:/MaximSDK/Libraries/PeriphDrivers/bin/MAX78000/spi-v1_softfp/libPeriphDriver_spi-v1_softfp.a(pins_ai85.o)
                0x1001da84                gpio_cfg_pcif_P0_BITS_8_9
 .rodata.gpio_cfg_pcif_P1_BITS_10_11
                0x1001da90        0xc C:/MaximSDK/Libraries/PeriphDrivers/bin/MAX78000/spi-v1_softfp/libPeriphDriver_spi-v1_softfp.a(pins_ai85.o)
                0x1001da90                gpio_cfg_pcif_P1_BITS_10_11
 .rodata.gpio_cfg_pcif_hsync
                0x1001da9c        0xc C:/MaximSDK/Libraries/PeriphDrivers/bin/MAX78000/spi-v1_softfp/libPeriphDriver_spi-v1_softfp.a(pins_ai85.o)
                0x1001da9c                gpio_cfg_pcif_hsync
 .rodata.gpio_cfg_pcif_vsync
                0x1001daa8        0xc C:/MaximSDK/Libraries/PeriphDrivers/bin/MAX78000/spi-v1_softfp/libPeriphDriver_spi-v1_softfp.a(pins_ai85.o)
                0x1001daa8                gpio_cfg_pcif_vsync
 .rodata.gpio_cfg_pcif_xclk
                0x1001dab4        0xc C:/MaximSDK/Libraries/PeriphDrivers/bin/MAX78000/spi-v1_softfp/libPeriphDriver_spi-v1_softfp.a(pins_ai85.o)
                0x1001dab4                gpio_cfg_pcif_xclk
 .rodata.gpio_cfg_pt0
                0x1001dac0        0xc C:/MaximSDK/Libraries/PeriphDrivers/bin/MAX78000/spi-v1_softfp/libPeriphDriver_spi-v1_softfp.a(pins_ai85.o)
                0x1001dac0                gpio_cfg_pt0
 .rodata.gpio_cfg_pt1
                0x1001dacc        0xc C:/MaximSDK/Libraries/PeriphDrivers/bin/MAX78000/spi-v1_softfp/libPeriphDriver_spi-v1_softfp.a(pins_ai85.o)
                0x1001dacc                gpio_cfg_pt1
 .rodata.gpio_cfg_pt2
                0x1001dad8        0xc C:/MaximSDK/Libraries/PeriphDrivers/bin/MAX78000/spi-v1_softfp/libPeriphDriver_spi-v1_softfp.a(pins_ai85.o)
                0x1001dad8                gpio_cfg_pt2
 .rodata.gpio_cfg_pt3
                0x1001dae4        0xc C:/MaximSDK/Libraries/PeriphDrivers/bin/MAX78000/spi-v1_softfp/libPeriphDriver_spi-v1_softfp.a(pins_ai85.o)
                0x1001dae4                gpio_cfg_pt3
 .rodata.gpio_cfg_tmr0
                0x1001daf0        0xc C:/MaximSDK/Libraries/PeriphDrivers/bin/MAX78000/spi-v1_softfp/libPeriphDriver_spi-v1_softfp.a(pins_ai85.o)
                0x1001daf0                gpio_cfg_tmr0
 .rodata.gpio_cfg_tmr0b
                0x1001dafc        0xc C:/MaximSDK/Libraries/PeriphDrivers/bin/MAX78000/spi-v1_softfp/libPeriphDriver_spi-v1_softfp.a(pins_ai85.o)
                0x1001dafc                gpio_cfg_tmr0b
 .rodata.gpio_cfg_tmr1
                0x1001db08        0xc C:/MaximSDK/Libraries/PeriphDrivers/bin/MAX78000/spi-v1_softfp/libPeriphDriver_spi-v1_softfp.a(pins_ai85.o)
                0x1001db08                gpio_cfg_tmr1
 .rodata.gpio_cfg_tmr1b
                0x1001db14        0xc C:/MaximSDK/Libraries/PeriphDrivers/bin/MAX78000/spi-v1_softfp/libPeriphDriver_spi-v1_softfp.a(pins_ai85.o)
                0x1001db14                gpio_cfg_tmr1b
 .rodata.gpio_cfg_tmr2
                0x1001db20        0xc C:/MaximSDK/Libraries/PeriphDrivers/bin/MAX78000/spi-v1_softfp/libPeriphDriver_spi-v1_softfp.a(pins_ai85.o)
                0x1001db20                gpio_cfg_tmr2
 .rodata.gpio_cfg_tmr2b
                0x1001db2c        0xc C:/MaximSDK/Libraries/PeriphDrivers/bin/MAX78000/spi-v1_softfp/libPeriphDriver_spi-v1_softfp.a(pins_ai85.o)
                0x1001db2c                gpio_cfg_tmr2b
 .rodata.gpio_cfg_tmr3
                0x1001db38        0xc C:/MaximSDK/Libraries/PeriphDrivers/bin/MAX78000/spi-v1_softfp/libPeriphDriver_spi-v1_softfp.a(pins_ai85.o)
                0x1001db38                gpio_cfg_tmr3
 .rodata.gpio_cfg_tmr3b
                0x1001db44        0xc C:/MaximSDK/Libraries/PeriphDrivers/bin/MAX78000/spi-v1_softfp/libPeriphDriver_spi-v1_softfp.a(pins_ai85.o)
                0x1001db44                gpio_cfg_tmr3b
 .rodata.gpio_cfg_tmr4
                0x1001db50        0xc C:/MaximSDK/Libraries/PeriphDrivers/bin/MAX78000/spi-v1_softfp/libPeriphDriver_spi-v1_softfp.a(pins_ai85.o)
                0x1001db50                gpio_cfg_tmr4
 .rodata.gpio_cfg_tmr5
                0x1001db5c        0xc C:/MaximSDK/Libraries/PeriphDrivers/bin/MAX78000/spi-v1_softfp/libPeriphDriver_spi-v1_softfp.a(pins_ai85.o)
                0x1001db5c                gpio_cfg_tmr5
 .rodata.gpio_cfg_uart0
                0x1001db68        0xc C:/MaximSDK/Libraries/PeriphDrivers/bin/MAX78000/spi-v1_softfp/libPeriphDriver_spi-v1_softfp.a(pins_ai85.o)
                0x1001db68                gpio_cfg_uart0
 .rodata.gpio_cfg_uart1
                0x1001db74        0xc C:/MaximSDK/Libraries/PeriphDrivers/bin/MAX78000/spi-v1_softfp/libPeriphDriver_spi-v1_softfp.a(pins_ai85.o)
                0x1001db74                gpio_cfg_uart1
 .rodata.gpio_cfg_uart2
                0x1001db80        0xc C:/MaximSDK/Libraries/PeriphDrivers/bin/MAX78000/spi-v1_softfp/libPeriphDriver_spi-v1_softfp.a(pins_ai85.o)
                0x1001db80                gpio_cfg_uart2
 .rodata.gpio_cfg_uart3
                0x1001db8c        0xc C:/MaximSDK/Libraries/PeriphDrivers/bin/MAX78000/spi-v1_softfp/libPeriphDriver_spi-v1_softfp.a(pins_ai85.o)
                0x1001db8c                gpio_cfg_uart3
 .rodata.MXC_DMA_RevA_Init.str1.4
                0x1001db98       0x51 C:/MaximSDK/Libraries/PeriphDrivers/bin/MAX78000/spi-v1_softfp/libPeriphDriver_spi-v1_softfp.a(dma_reva.o)
 *fill*         0x1001dbe9        0x3 
 .rodata.MXC_PT_Init.str1.4
                0x1001dbec       0x55 C:/MaximSDK/Libraries/PeriphDrivers/bin/MAX78000/spi-v1_softfp/libPeriphDriver_spi-v1_softfp.a(pt_ai85.o)
 *fill*         0x1001dc41        0x3 
 .rodata.MXC_PT_RevA_Config.str1.4
                0x1001dc44       0x51 C:/MaximSDK/Libraries/PeriphDrivers/bin/MAX78000/spi-v1_softfp/libPeriphDriver_spi-v1_softfp.a(pt_reva.o)
 *fill*         0x1001dc95        0x3 
 .rodata.MXC_TMR_Init.str1.4
                0x1001dc98       0x50 C:/MaximSDK/Libraries/PeriphDrivers/bin/MAX78000/spi-v1_softfp/libPeriphDriver_spi-v1_softfp.a(tmr_ai85.o)
 .rodata.MXC_TMR_RevB_SetClockSourceFreq.str1.4
                0x1001dce8       0x43 C:/MaximSDK/Libraries/PeriphDrivers/bin/MAX78000/spi-v1_softfp/libPeriphDriver_spi-v1_softfp.a(tmr_revb.o)
                                 0x50 (size before relaxing)
 *fill*         0x1001dd2b        0x1 
 .rodata.MXC_UART_RevB_Init.str1.4
                0x1001dd2c       0x77 C:/MaximSDK/Libraries/PeriphDrivers/bin/MAX78000/spi-v1_softfp/libPeriphDriver_spi-v1_softfp.a(uart_revb.o)
 *fill*         0x1001dda3        0x1 
 .rodata.MXC_UART_RevB_SetClockSource.str1.4
                0x1001dda4       0x27 C:/MaximSDK/Libraries/PeriphDrivers/bin/MAX78000/spi-v1_softfp/libPeriphDriver_spi-v1_softfp.a(uart_revb.o)
 *fill*         0x1001ddcb        0x1 
 .rodata.MXC_GPIO_Common_Handler.str1.4