C:/MaximSDK/Libraries/MiscDrivers/CODEC/max9867.c:189:16:map_vol	0	static
C:/MaximSDK/Libraries/MiscDrivers/CODEC/max9867.c:83:12:reg_update	32	static
C:/MaximSDK/Libraries/MiscDrivers/CODEC/max9867.c:97:5:max9867_digital_filter	16	static
C:/MaximSDK/Libraries/MiscDrivers/CODEC/max9867.c:102:5:max9867_digital_sidetone_source	24	static
C:/MaximSDK/Libraries/MiscDrivers/CODEC/max9867.c:107:5:max9867_digital_sidetone_level	24	static
C:/MaximSDK/Libraries/MiscDrivers/CODEC/max9867.c:121:5:max9867_dac_mute	24	static
C:/MaximSDK/Libraries/MiscDrivers/CODEC/max9867.c:126:5:max9867_dac_gain	24	static
C:/MaximSDK/Libraries/MiscDrivers/CODEC/max9867.c:131:5:max9867_dac_level	24	static
C:/MaximSDK/Libraries/MiscDrivers/CODEC/max9867.c:140:5:max9867_adc_level	32	static
C:/MaximSDK/Libraries/MiscDrivers/CODEC/max9867.c:150:5:max9867_linein_mute	8	static
C:/MaximSDK/Libraries/MiscDrivers/CODEC/max9867.c:160:5:max9867_linein_gain	8	static
C:/MaximSDK/Libraries/MiscDrivers/CODEC/max9867.c:174:5:max9867_linein_vol_fix	24	static
C:/MaximSDK/Libraries/MiscDrivers/CODEC/max9867.c:179:5:max9867_playback_mute	8	static
C:/MaximSDK/Libraries/MiscDrivers/CODEC/max9867.c:210:5:max9867_playback_volume	16	static
C:/MaximSDK/Libraries/MiscDrivers/CODEC/max9867.c:224:5:max9867_microphone_preamp	8	static
C:/MaximSDK/Libraries/MiscDrivers/CODEC/max9867.c:234:5:max9867_microphone_gain	8	static
C:/MaximSDK/Libraries/MiscDrivers/CODEC/max9867.c:248:5:max9867_adc_input	32	static
C:/MaximSDK/Libraries/MiscDrivers/CODEC/max9867.c:253:5:max9867_microphone_clock	24	static
C:/MaximSDK/Libraries/MiscDrivers/CODEC/max9867.c:258:5:max9867_microphone_enable	24	static
C:/MaximSDK/Libraries/MiscDrivers/CODEC/max9867.c:263:5:max9867_digital_volume_slew	24	static
C:/MaximSDK/Libraries/MiscDrivers/CODEC/max9867.c:268:5:max9867_volume_change_smoothing	24	static
C:/MaximSDK/Libraries/MiscDrivers/CODEC/max9867.c:273:5:max9867_linein_zero_crossing_disable	24	static
C:/MaximSDK/Libraries/MiscDrivers/CODEC/max9867.c:278:5:max9867_jack_detect_enable	24	static
C:/MaximSDK/Libraries/MiscDrivers/CODEC/max9867.c:283:5:max9867_headphone_mode	24	static
C:/MaximSDK/Libraries/MiscDrivers/CODEC/max9867.c:288:5:max9867_power_enable	16	static
C:/MaximSDK/Libraries/MiscDrivers/CODEC/max9867.c:300:5:max9867_enable_playback	8	static
C:/MaximSDK/Libraries/MiscDrivers/CODEC/max9867.c:325:5:max9867_enable_record	8	static
C:/MaximSDK/Libraries/MiscDrivers/CODEC/max9867.c:358:5:max9867_init	40	static
