C:/MaximSDK/Libraries/MiscDrivers/Camera/ov7692.c:92:12:init	0	static
C:/MaximSDK/Libraries/MiscDrivers/Camera/ov7692.c:105:12:get_slave_address	0	static
C:/MaximSDK/Libraries/MiscDrivers/Camera/ov7692.c:264:12:get_pixformat	0	static
C:/MaximSDK/Libraries/MiscDrivers/Camera/ov7692.c:423:12:set_saturation	0	static
C:/MaximSDK/Libraries/MiscDrivers/Camera/ov7692.c:544:12:get_luminance	24	static
C:/MaximSDK/Libraries/MiscDrivers/Camera/ov7692.c:215:12:read_reg	8	static
C:/MaximSDK/Libraries/MiscDrivers/Camera/ov7692.c:122:12:get_manufacture_id	24	static
C:/MaximSDK/Libraries/MiscDrivers/Camera/ov7692.c:110:12:get_product_id	24	static
C:/MaximSDK/Libraries/MiscDrivers/Camera/ov7692.c:506:12:set_negateimage	24	static
C:/MaximSDK/Libraries/MiscDrivers/Camera/ov7692.c:527:12:set_vflip	24	static
C:/MaximSDK/Libraries/MiscDrivers/Camera/ov7692.c:489:12:set_hmirror	24	static
C:/MaximSDK/Libraries/MiscDrivers/Camera/ov7692.c:472:12:set_colorbar	24	static
C:/MaximSDK/Libraries/MiscDrivers/Camera/ov7692.c:430:12:set_gainceiling	24	static
C:/MaximSDK/Libraries/MiscDrivers/Camera/ov7692.c:386:12:set_brightness	8	static
C:/MaximSDK/Libraries/MiscDrivers/Camera/ov7692.c:344:12:set_contrast	8	static
C:/MaximSDK/Libraries/MiscDrivers/Camera/ov7692.c:305:12:set_windowing	32	static
C:/MaximSDK/Libraries/MiscDrivers/Camera/ov7692.c:271:12:set_framesize	32	static
C:/MaximSDK/Libraries/MiscDrivers/Camera/ov7692.c:231:12:set_pixformat	0	static
C:/MaximSDK/Libraries/MiscDrivers/Camera/ov7692.c:226:12:write_reg	4	static
C:/MaximSDK/Libraries/MiscDrivers/Camera/ov7692.c:194:12:sleep	24	static
C:/MaximSDK/Libraries/MiscDrivers/Camera/ov7692.c:174:12:reset	24	static
C:/MaximSDK/Libraries/MiscDrivers/Camera/ov7692.c:134:12:dump_registers	112	static
C:/MaximSDK/Libraries/MiscDrivers/Camera/ov7692.c:561:5:sensor_register	4	static
