C:/MaximSDK/Libraries/MiscDrivers/PushButton/pb.c:32:5:PB_Init	24	static
C:/MaximSDK/Libraries/MiscDrivers/PushButton/pb.c:58:5:PB_Set_Polarity	0	static
C:/MaximSDK/Libraries/MiscDrivers/PushButton/pb.c:69:5:PB_RegisterCallback	24	static
C:/MaximSDK/Libraries/MiscDrivers/PushButton/pb.c:97:5:PB_RegisterCallbackRiseFall	16	static
C:/MaximSDK/Libraries/MiscDrivers/PushButton/pb.c:121:6:PB_IntEnable	8	static
C:/MaximSDK/Libraries/MiscDrivers/PushButton/pb.c:128:6:PB_IntDisable	8	static
C:/MaximSDK/Libraries/MiscDrivers/PushButton/pb.c:135:6:PB_IntClear	8	static
C:/MaximSDK/Libraries/MiscDrivers/PushButton/pb.c:142:5:PB_Get	8	static
C:/MaximSDK/Libraries/MiscDrivers/PushButton/pb.c:153:5:PB_IsPressedAny	16	static
